Archive member included because of file (symbol)

c:/program files (x86)/atmel/atmel toolchain/avr8 gcc/native/3.4.2.939/avr8-gnu-toolchain/bin/../lib/gcc/avr/4.7.2/../../../../avr/lib/avrxmega4\libm.a(addsf3.o)
                              BEEP_XMega.o (__addsf3)
c:/program files (x86)/atmel/atmel toolchain/avr8 gcc/native/3.4.2.939/avr8-gnu-toolchain/bin/../lib/gcc/avr/4.7.2/../../../../avr/lib/avrxmega4\libm.a(addsf3x.o)
                              c:/program files (x86)/atmel/atmel toolchain/avr8 gcc/native/3.4.2.939/avr8-gnu-toolchain/bin/../lib/gcc/avr/4.7.2/../../../../avr/lib/avrxmega4\libm.a(addsf3.o) (__addsf3x)
c:/program files (x86)/atmel/atmel toolchain/avr8 gcc/native/3.4.2.939/avr8-gnu-toolchain/bin/../lib/gcc/avr/4.7.2/../../../../avr/lib/avrxmega4\libm.a(cmpsf2.o)
                              BEEP_XMega.o (__ltsf2)
c:/program files (x86)/atmel/atmel toolchain/avr8 gcc/native/3.4.2.939/avr8-gnu-toolchain/bin/../lib/gcc/avr/4.7.2/../../../../avr/lib/avrxmega4\libm.a(fixsfsi.o)
                              BEEP_XMega.o (__fixsfsi)
c:/program files (x86)/atmel/atmel toolchain/avr8 gcc/native/3.4.2.939/avr8-gnu-toolchain/bin/../lib/gcc/avr/4.7.2/../../../../avr/lib/avrxmega4\libm.a(fixunssfsi.o)
                              c:/program files (x86)/atmel/atmel toolchain/avr8 gcc/native/3.4.2.939/avr8-gnu-toolchain/bin/../lib/gcc/avr/4.7.2/../../../../avr/lib/avrxmega4\libm.a(fixsfsi.o) (__fixunssfsi)
c:/program files (x86)/atmel/atmel toolchain/avr8 gcc/native/3.4.2.939/avr8-gnu-toolchain/bin/../lib/gcc/avr/4.7.2/../../../../avr/lib/avrxmega4\libm.a(floatsisf.o)
                              BEEP_XMega.o (__floatunsisf)
c:/program files (x86)/atmel/atmel toolchain/avr8 gcc/native/3.4.2.939/avr8-gnu-toolchain/bin/../lib/gcc/avr/4.7.2/../../../../avr/lib/avrxmega4\libm.a(fp_cmp.o)
                              c:/program files (x86)/atmel/atmel toolchain/avr8 gcc/native/3.4.2.939/avr8-gnu-toolchain/bin/../lib/gcc/avr/4.7.2/../../../../avr/lib/avrxmega4\libm.a(cmpsf2.o) (__fp_cmp)
c:/program files (x86)/atmel/atmel toolchain/avr8 gcc/native/3.4.2.939/avr8-gnu-toolchain/bin/../lib/gcc/avr/4.7.2/../../../../avr/lib/avrxmega4\libm.a(fp_inf.o)
                              c:/program files (x86)/atmel/atmel toolchain/avr8 gcc/native/3.4.2.939/avr8-gnu-toolchain/bin/../lib/gcc/avr/4.7.2/../../../../avr/lib/avrxmega4\libm.a(addsf3x.o) (__fp_inf)
c:/program files (x86)/atmel/atmel toolchain/avr8 gcc/native/3.4.2.939/avr8-gnu-toolchain/bin/../lib/gcc/avr/4.7.2/../../../../avr/lib/avrxmega4\libm.a(fp_nan.o)
                              c:/program files (x86)/atmel/atmel toolchain/avr8 gcc/native/3.4.2.939/avr8-gnu-toolchain/bin/../lib/gcc/avr/4.7.2/../../../../avr/lib/avrxmega4\libm.a(addsf3x.o) (__fp_nan)
c:/program files (x86)/atmel/atmel toolchain/avr8 gcc/native/3.4.2.939/avr8-gnu-toolchain/bin/../lib/gcc/avr/4.7.2/../../../../avr/lib/avrxmega4\libm.a(fp_pscA.o)
                              c:/program files (x86)/atmel/atmel toolchain/avr8 gcc/native/3.4.2.939/avr8-gnu-toolchain/bin/../lib/gcc/avr/4.7.2/../../../../avr/lib/avrxmega4\libm.a(addsf3x.o) (__fp_pscA)
c:/program files (x86)/atmel/atmel toolchain/avr8 gcc/native/3.4.2.939/avr8-gnu-toolchain/bin/../lib/gcc/avr/4.7.2/../../../../avr/lib/avrxmega4\libm.a(fp_pscB.o)
                              c:/program files (x86)/atmel/atmel toolchain/avr8 gcc/native/3.4.2.939/avr8-gnu-toolchain/bin/../lib/gcc/avr/4.7.2/../../../../avr/lib/avrxmega4\libm.a(addsf3x.o) (__fp_pscB)
c:/program files (x86)/atmel/atmel toolchain/avr8 gcc/native/3.4.2.939/avr8-gnu-toolchain/bin/../lib/gcc/avr/4.7.2/../../../../avr/lib/avrxmega4\libm.a(fp_round.o)
                              c:/program files (x86)/atmel/atmel toolchain/avr8 gcc/native/3.4.2.939/avr8-gnu-toolchain/bin/../lib/gcc/avr/4.7.2/../../../../avr/lib/avrxmega4\libm.a(addsf3.o) (__fp_round)
c:/program files (x86)/atmel/atmel toolchain/avr8 gcc/native/3.4.2.939/avr8-gnu-toolchain/bin/../lib/gcc/avr/4.7.2/../../../../avr/lib/avrxmega4\libm.a(fp_split3.o)
                              c:/program files (x86)/atmel/atmel toolchain/avr8 gcc/native/3.4.2.939/avr8-gnu-toolchain/bin/../lib/gcc/avr/4.7.2/../../../../avr/lib/avrxmega4\libm.a(addsf3x.o) (__fp_split3)
c:/program files (x86)/atmel/atmel toolchain/avr8 gcc/native/3.4.2.939/avr8-gnu-toolchain/bin/../lib/gcc/avr/4.7.2/../../../../avr/lib/avrxmega4\libm.a(fp_zero.o)
                              c:/program files (x86)/atmel/atmel toolchain/avr8 gcc/native/3.4.2.939/avr8-gnu-toolchain/bin/../lib/gcc/avr/4.7.2/../../../../avr/lib/avrxmega4\libm.a(addsf3x.o) (__fp_zero)
c:/program files (x86)/atmel/atmel toolchain/avr8 gcc/native/3.4.2.939/avr8-gnu-toolchain/bin/../lib/gcc/avr/4.7.2/../../../../avr/lib/avrxmega4\libm.a(gesf2.o)
                              BEEP_XMega.o (__gtsf2)
c:/program files (x86)/atmel/atmel toolchain/avr8 gcc/native/3.4.2.939/avr8-gnu-toolchain/bin/../lib/gcc/avr/4.7.2/../../../../avr/lib/avrxmega4\libm.a(mulsf3.o)
                              BEEP_XMega.o (__mulsf3)
c:/program files (x86)/atmel/atmel toolchain/avr8 gcc/native/3.4.2.939/avr8-gnu-toolchain/bin/../lib/gcc/avr/4.7.2/../../../../avr/lib/avrxmega4\libm.a(mulsf3x.o)
                              c:/program files (x86)/atmel/atmel toolchain/avr8 gcc/native/3.4.2.939/avr8-gnu-toolchain/bin/../lib/gcc/avr/4.7.2/../../../../avr/lib/avrxmega4\libm.a(mulsf3.o) (__mulsf3x)
c:/program files (x86)/atmel/atmel toolchain/avr8 gcc/native/3.4.2.939/avr8-gnu-toolchain/bin/../lib/gcc/avr/4.7.2/../../../../avr/lib/avrxmega4\libm.a(round.o)
                              BEEP_XMega.o (round)
c:/program files (x86)/atmel/atmel toolchain/avr8 gcc/native/3.4.2.939/avr8-gnu-toolchain/bin/../lib/gcc/avr/4.7.2/../../../../avr/lib/avrxmega4\libm.a(fp_mintl.o)
                              c:/program files (x86)/atmel/atmel toolchain/avr8 gcc/native/3.4.2.939/avr8-gnu-toolchain/bin/../lib/gcc/avr/4.7.2/../../../../avr/lib/avrxmega4\libm.a(round.o) (__fp_mintl)
c:/program files (x86)/atmel/atmel toolchain/avr8 gcc/native/3.4.2.939/avr8-gnu-toolchain/bin/../lib/gcc/avr/4.7.2/../../../../avr/lib/avrxmega4\libm.a(fp_mpack.o)
                              c:/program files (x86)/atmel/atmel toolchain/avr8 gcc/native/3.4.2.939/avr8-gnu-toolchain/bin/../lib/gcc/avr/4.7.2/../../../../avr/lib/avrxmega4\libm.a(round.o) (__fp_mpack)
c:/program files (x86)/atmel/atmel toolchain/avr8 gcc/native/3.4.2.939/avr8-gnu-toolchain/bin/../lib/gcc/avr/4.7.2/avrxmega4\libgcc.a(_exit.o)
                              c:/program files (x86)/atmel/atmel toolchain/avr8 gcc/native/3.4.2.939/avr8-gnu-toolchain/bin/../lib/gcc/avr/4.7.2/../../../../avr/lib/avrxmega4/crtx64d3.o (exit)
c:/program files (x86)/atmel/atmel toolchain/avr8 gcc/native/3.4.2.939/avr8-gnu-toolchain/bin/../lib/gcc/avr/4.7.2/avrxmega4\libgcc.a(_clear_bss.o)
                              BEEP_XMega.o (__do_clear_bss)

Allocating common symbols
Common symbol       size              file

myColors            0x18              BEEP_XMega.o
USART_data          0x1f              BEEP_XMega.o
adc_task            0x1               lib/ir_driver.o
ir_data_buffer      0x9               lib/ir_driver.o
last_adc            0x2               lib/ir_driver.o
cur_ir_led          0x1               lib/ir_driver.o

Discarded input sections

 .bss           0x00000000        0x0 c:/program files (x86)/atmel/atmel toolchain/avr8 gcc/native/3.4.2.939/avr8-gnu-toolchain/bin/../lib/gcc/avr/4.7.2/../../../../avr/lib/avrxmega4/crtx64d3.o
 .text          0x00000000        0x0 BEEP_XMega.o
 .bss           0x00000000        0x0 BEEP_XMega.o
 .text.enable_rgb_leds
                0x00000000       0x20 BEEP_XMega.o
 .text          0x00000000        0x0 lib/ir_driver.o
 .bss           0x00000000        0x0 lib/ir_driver.o
 .text          0x00000000        0x0 lib/motor_driver.o
 .bss           0x00000000        0x0 lib/motor_driver.o
 .text          0x00000000        0x0 lib/usart_driver.o
 .bss           0x00000000        0x0 lib/usart_driver.o
 .text.USART_InterruptDriver_DreInterruptLevel_Set
                0x00000000        0x6 lib/usart_driver.o
 .text.USART_NineBits_PutChar
                0x00000000       0x18 lib/usart_driver.o
 .text.USART_NineBits_GetChar
                0x00000000       0x1c lib/usart_driver.o
 .text          0x00000000        0x0 lib/xmega_freq_cntr.o
 .bss           0x00000000        0x0 lib/xmega_freq_cntr.o
 .text          0x00000000        0x0 c:/program files (x86)/atmel/atmel toolchain/avr8 gcc/native/3.4.2.939/avr8-gnu-toolchain/bin/../lib/gcc/avr/4.7.2/../../../../avr/lib/avrxmega4\libm.a(addsf3.o)
 .bss           0x00000000        0x0 c:/program files (x86)/atmel/atmel toolchain/avr8 gcc/native/3.4.2.939/avr8-gnu-toolchain/bin/../lib/gcc/avr/4.7.2/../../../../avr/lib/avrxmega4\libm.a(addsf3.o)
 .text          0x00000000        0x0 c:/program files (x86)/atmel/atmel toolchain/avr8 gcc/native/3.4.2.939/avr8-gnu-toolchain/bin/../lib/gcc/avr/4.7.2/../../../../avr/lib/avrxmega4\libm.a(addsf3x.o)
 .bss           0x00000000        0x0 c:/program files (x86)/atmel/atmel toolchain/avr8 gcc/native/3.4.2.939/avr8-gnu-toolchain/bin/../lib/gcc/avr/4.7.2/../../../../avr/lib/avrxmega4\libm.a(addsf3x.o)
 .text          0x00000000        0x0 c:/program files (x86)/atmel/atmel toolchain/avr8 gcc/native/3.4.2.939/avr8-gnu-toolchain/bin/../lib/gcc/avr/4.7.2/../../../../avr/lib/avrxmega4\libm.a(cmpsf2.o)
 .bss           0x00000000        0x0 c:/program files (x86)/atmel/atmel toolchain/avr8 gcc/native/3.4.2.939/avr8-gnu-toolchain/bin/../lib/gcc/avr/4.7.2/../../../../avr/lib/avrxmega4\libm.a(cmpsf2.o)
 .text          0x00000000        0x0 c:/program files (x86)/atmel/atmel toolchain/avr8 gcc/native/3.4.2.939/avr8-gnu-toolchain/bin/../lib/gcc/avr/4.7.2/../../../../avr/lib/avrxmega4\libm.a(fixsfsi.o)
 .bss           0x00000000        0x0 c:/program files (x86)/atmel/atmel toolchain/avr8 gcc/native/3.4.2.939/avr8-gnu-toolchain/bin/../lib/gcc/avr/4.7.2/../../../../avr/lib/avrxmega4\libm.a(fixsfsi.o)
 .text          0x00000000        0x0 c:/program files (x86)/atmel/atmel toolchain/avr8 gcc/native/3.4.2.939/avr8-gnu-toolchain/bin/../lib/gcc/avr/4.7.2/../../../../avr/lib/avrxmega4\libm.a(fixunssfsi.o)
 .bss           0x00000000        0x0 c:/program files (x86)/atmel/atmel toolchain/avr8 gcc/native/3.4.2.939/avr8-gnu-toolchain/bin/../lib/gcc/avr/4.7.2/../../../../avr/lib/avrxmega4\libm.a(fixunssfsi.o)
 .text          0x00000000        0x0 c:/program files (x86)/atmel/atmel toolchain/avr8 gcc/native/3.4.2.939/avr8-gnu-toolchain/bin/../lib/gcc/avr/4.7.2/../../../../avr/lib/avrxmega4\libm.a(floatsisf.o)
 .bss           0x00000000        0x0 c:/program files (x86)/atmel/atmel toolchain/avr8 gcc/native/3.4.2.939/avr8-gnu-toolchain/bin/../lib/gcc/avr/4.7.2/../../../../avr/lib/avrxmega4\libm.a(floatsisf.o)
 .text          0x00000000        0x0 c:/program files (x86)/atmel/atmel toolchain/avr8 gcc/native/3.4.2.939/avr8-gnu-toolchain/bin/../lib/gcc/avr/4.7.2/../../../../avr/lib/avrxmega4\libm.a(fp_cmp.o)
 .bss           0x00000000        0x0 c:/program files (x86)/atmel/atmel toolchain/avr8 gcc/native/3.4.2.939/avr8-gnu-toolchain/bin/../lib/gcc/avr/4.7.2/../../../../avr/lib/avrxmega4\libm.a(fp_cmp.o)
 .text          0x00000000        0x0 c:/program files (x86)/atmel/atmel toolchain/avr8 gcc/native/3.4.2.939/avr8-gnu-toolchain/bin/../lib/gcc/avr/4.7.2/../../../../avr/lib/avrxmega4\libm.a(fp_inf.o)
 .bss           0x00000000        0x0 c:/program files (x86)/atmel/atmel toolchain/avr8 gcc/native/3.4.2.939/avr8-gnu-toolchain/bin/../lib/gcc/avr/4.7.2/../../../../avr/lib/avrxmega4\libm.a(fp_inf.o)
 .text          0x00000000        0x0 c:/program files (x86)/atmel/atmel toolchain/avr8 gcc/native/3.4.2.939/avr8-gnu-toolchain/bin/../lib/gcc/avr/4.7.2/../../../../avr/lib/avrxmega4\libm.a(fp_nan.o)
 .bss           0x00000000        0x0 c:/program files (x86)/atmel/atmel toolchain/avr8 gcc/native/3.4.2.939/avr8-gnu-toolchain/bin/../lib/gcc/avr/4.7.2/../../../../avr/lib/avrxmega4\libm.a(fp_nan.o)
 .text          0x00000000        0x0 c:/program files (x86)/atmel/atmel toolchain/avr8 gcc/native/3.4.2.939/avr8-gnu-toolchain/bin/../lib/gcc/avr/4.7.2/../../../../avr/lib/avrxmega4\libm.a(fp_pscA.o)
 .bss           0x00000000        0x0 c:/program files (x86)/atmel/atmel toolchain/avr8 gcc/native/3.4.2.939/avr8-gnu-toolchain/bin/../lib/gcc/avr/4.7.2/../../../../avr/lib/avrxmega4\libm.a(fp_pscA.o)
 .text          0x00000000        0x0 c:/program files (x86)/atmel/atmel toolchain/avr8 gcc/native/3.4.2.939/avr8-gnu-toolchain/bin/../lib/gcc/avr/4.7.2/../../../../avr/lib/avrxmega4\libm.a(fp_pscB.o)
 .bss           0x00000000        0x0 c:/program files (x86)/atmel/atmel toolchain/avr8 gcc/native/3.4.2.939/avr8-gnu-toolchain/bin/../lib/gcc/avr/4.7.2/../../../../avr/lib/avrxmega4\libm.a(fp_pscB.o)
 .text          0x00000000        0x0 c:/program files (x86)/atmel/atmel toolchain/avr8 gcc/native/3.4.2.939/avr8-gnu-toolchain/bin/../lib/gcc/avr/4.7.2/../../../../avr/lib/avrxmega4\libm.a(fp_round.o)
 .bss           0x00000000        0x0 c:/program files (x86)/atmel/atmel toolchain/avr8 gcc/native/3.4.2.939/avr8-gnu-toolchain/bin/../lib/gcc/avr/4.7.2/../../../../avr/lib/avrxmega4\libm.a(fp_round.o)
 .text          0x00000000        0x0 c:/program files (x86)/atmel/atmel toolchain/avr8 gcc/native/3.4.2.939/avr8-gnu-toolchain/bin/../lib/gcc/avr/4.7.2/../../../../avr/lib/avrxmega4\libm.a(fp_split3.o)
 .bss           0x00000000        0x0 c:/program files (x86)/atmel/atmel toolchain/avr8 gcc/native/3.4.2.939/avr8-gnu-toolchain/bin/../lib/gcc/avr/4.7.2/../../../../avr/lib/avrxmega4\libm.a(fp_split3.o)
 .text          0x00000000        0x0 c:/program files (x86)/atmel/atmel toolchain/avr8 gcc/native/3.4.2.939/avr8-gnu-toolchain/bin/../lib/gcc/avr/4.7.2/../../../../avr/lib/avrxmega4\libm.a(fp_zero.o)
 .bss           0x00000000        0x0 c:/program files (x86)/atmel/atmel toolchain/avr8 gcc/native/3.4.2.939/avr8-gnu-toolchain/bin/../lib/gcc/avr/4.7.2/../../../../avr/lib/avrxmega4\libm.a(fp_zero.o)
 .text          0x00000000        0x0 c:/program files (x86)/atmel/atmel toolchain/avr8 gcc/native/3.4.2.939/avr8-gnu-toolchain/bin/../lib/gcc/avr/4.7.2/../../../../avr/lib/avrxmega4\libm.a(gesf2.o)
 .bss           0x00000000        0x0 c:/program files (x86)/atmel/atmel toolchain/avr8 gcc/native/3.4.2.939/avr8-gnu-toolchain/bin/../lib/gcc/avr/4.7.2/../../../../avr/lib/avrxmega4\libm.a(gesf2.o)
 .text          0x00000000        0x0 c:/program files (x86)/atmel/atmel toolchain/avr8 gcc/native/3.4.2.939/avr8-gnu-toolchain/bin/../lib/gcc/avr/4.7.2/../../../../avr/lib/avrxmega4\libm.a(mulsf3.o)
 .bss           0x00000000        0x0 c:/program files (x86)/atmel/atmel toolchain/avr8 gcc/native/3.4.2.939/avr8-gnu-toolchain/bin/../lib/gcc/avr/4.7.2/../../../../avr/lib/avrxmega4\libm.a(mulsf3.o)
 .text          0x00000000        0x0 c:/program files (x86)/atmel/atmel toolchain/avr8 gcc/native/3.4.2.939/avr8-gnu-toolchain/bin/../lib/gcc/avr/4.7.2/../../../../avr/lib/avrxmega4\libm.a(mulsf3x.o)
 .bss           0x00000000        0x0 c:/program files (x86)/atmel/atmel toolchain/avr8 gcc/native/3.4.2.939/avr8-gnu-toolchain/bin/../lib/gcc/avr/4.7.2/../../../../avr/lib/avrxmega4\libm.a(mulsf3x.o)
 .text          0x00000000        0x0 c:/program files (x86)/atmel/atmel toolchain/avr8 gcc/native/3.4.2.939/avr8-gnu-toolchain/bin/../lib/gcc/avr/4.7.2/../../../../avr/lib/avrxmega4\libm.a(round.o)
 .bss           0x00000000        0x0 c:/program files (x86)/atmel/atmel toolchain/avr8 gcc/native/3.4.2.939/avr8-gnu-toolchain/bin/../lib/gcc/avr/4.7.2/../../../../avr/lib/avrxmega4\libm.a(round.o)
 .text          0x00000000        0x0 c:/program files (x86)/atmel/atmel toolchain/avr8 gcc/native/3.4.2.939/avr8-gnu-toolchain/bin/../lib/gcc/avr/4.7.2/../../../../avr/lib/avrxmega4\libm.a(fp_mintl.o)
 .bss           0x00000000        0x0 c:/program files (x86)/atmel/atmel toolchain/avr8 gcc/native/3.4.2.939/avr8-gnu-toolchain/bin/../lib/gcc/avr/4.7.2/../../../../avr/lib/avrxmega4\libm.a(fp_mintl.o)
 .text          0x00000000        0x0 c:/program files (x86)/atmel/atmel toolchain/avr8 gcc/native/3.4.2.939/avr8-gnu-toolchain/bin/../lib/gcc/avr/4.7.2/../../../../avr/lib/avrxmega4\libm.a(fp_mpack.o)
 .bss           0x00000000        0x0 c:/program files (x86)/atmel/atmel toolchain/avr8 gcc/native/3.4.2.939/avr8-gnu-toolchain/bin/../lib/gcc/avr/4.7.2/../../../../avr/lib/avrxmega4\libm.a(fp_mpack.o)
 .text          0x00000000        0x0 c:/program files (x86)/atmel/atmel toolchain/avr8 gcc/native/3.4.2.939/avr8-gnu-toolchain/bin/../lib/gcc/avr/4.7.2/avrxmega4\libgcc.a(_exit.o)
 .bss           0x00000000        0x0 c:/program files (x86)/atmel/atmel toolchain/avr8 gcc/native/3.4.2.939/avr8-gnu-toolchain/bin/../lib/gcc/avr/4.7.2/avrxmega4\libgcc.a(_exit.o)
 .text.libgcc.mul
                0x00000000        0x0 c:/program files (x86)/atmel/atmel toolchain/avr8 gcc/native/3.4.2.939/avr8-gnu-toolchain/bin/../lib/gcc/avr/4.7.2/avrxmega4\libgcc.a(_exit.o)
 .text.libgcc.div
                0x00000000        0x0 c:/program files (x86)/atmel/atmel toolchain/avr8 gcc/native/3.4.2.939/avr8-gnu-toolchain/bin/../lib/gcc/avr/4.7.2/avrxmega4\libgcc.a(_exit.o)
 .text.libgcc   0x00000000        0x0 c:/program files (x86)/atmel/atmel toolchain/avr8 gcc/native/3.4.2.939/avr8-gnu-toolchain/bin/../lib/gcc/avr/4.7.2/avrxmega4\libgcc.a(_exit.o)
 .text.libgcc.prologue
                0x00000000        0x0 c:/program files (x86)/atmel/atmel toolchain/avr8 gcc/native/3.4.2.939/avr8-gnu-toolchain/bin/../lib/gcc/avr/4.7.2/avrxmega4\libgcc.a(_exit.o)
 .text.libgcc.builtins
                0x00000000        0x0 c:/program files (x86)/atmel/atmel toolchain/avr8 gcc/native/3.4.2.939/avr8-gnu-toolchain/bin/../lib/gcc/avr/4.7.2/avrxmega4\libgcc.a(_exit.o)
 .text.libgcc.fmul
                0x00000000        0x0 c:/program files (x86)/atmel/atmel toolchain/avr8 gcc/native/3.4.2.939/avr8-gnu-toolchain/bin/../lib/gcc/avr/4.7.2/avrxmega4\libgcc.a(_exit.o)
 .text          0x00000000        0x0 c:/program files (x86)/atmel/atmel toolchain/avr8 gcc/native/3.4.2.939/avr8-gnu-toolchain/bin/../lib/gcc/avr/4.7.2/avrxmega4\libgcc.a(_clear_bss.o)
 .bss           0x00000000        0x0 c:/program files (x86)/atmel/atmel toolchain/avr8 gcc/native/3.4.2.939/avr8-gnu-toolchain/bin/../lib/gcc/avr/4.7.2/avrxmega4\libgcc.a(_clear_bss.o)
 .text.libgcc.mul
                0x00000000        0x0 c:/program files (x86)/atmel/atmel toolchain/avr8 gcc/native/3.4.2.939/avr8-gnu-toolchain/bin/../lib/gcc/avr/4.7.2/avrxmega4\libgcc.a(_clear_bss.o)
 .text.libgcc.div
                0x00000000        0x0 c:/program files (x86)/atmel/atmel toolchain/avr8 gcc/native/3.4.2.939/avr8-gnu-toolchain/bin/../lib/gcc/avr/4.7.2/avrxmega4\libgcc.a(_clear_bss.o)
 .text.libgcc   0x00000000        0x0 c:/program files (x86)/atmel/atmel toolchain/avr8 gcc/native/3.4.2.939/avr8-gnu-toolchain/bin/../lib/gcc/avr/4.7.2/avrxmega4\libgcc.a(_clear_bss.o)
 .text.libgcc.prologue
                0x00000000        0x0 c:/program files (x86)/atmel/atmel toolchain/avr8 gcc/native/3.4.2.939/avr8-gnu-toolchain/bin/../lib/gcc/avr/4.7.2/avrxmega4\libgcc.a(_clear_bss.o)
 .text.libgcc.builtins
                0x00000000        0x0 c:/program files (x86)/atmel/atmel toolchain/avr8 gcc/native/3.4.2.939/avr8-gnu-toolchain/bin/../lib/gcc/avr/4.7.2/avrxmega4\libgcc.a(_clear_bss.o)
 .text.libgcc.fmul
                0x00000000        0x0 c:/program files (x86)/atmel/atmel toolchain/avr8 gcc/native/3.4.2.939/avr8-gnu-toolchain/bin/../lib/gcc/avr/4.7.2/avrxmega4\libgcc.a(_clear_bss.o)

Memory Configuration

Name             Origin             Length             Attributes
text             0x00000000         0x00100000         xr
data             0x00802000         0x0000ffa0         rw !x
eeprom           0x00810000         0x00010000         rw !x
fuse             0x00820000         0x00000400         rw !x
lock             0x00830000         0x00000400         rw !x
signature        0x00840000         0x00000400         rw !x
user_signatures  0x00850000         0x00000400         rw !x
*default*        0x00000000         0xffffffff

Linker script and memory map

LOAD c:/program files (x86)/atmel/atmel toolchain/avr8 gcc/native/3.4.2.939/avr8-gnu-toolchain/bin/../lib/gcc/avr/4.7.2/../../../../avr/lib/avrxmega4/crtx64d3.o
LOAD BEEP_XMega.o
LOAD lib/ir_driver.o
LOAD lib/motor_driver.o
LOAD lib/usart_driver.o
LOAD lib/xmega_freq_cntr.o
START GROUP
LOAD c:/program files (x86)/atmel/atmel toolchain/avr8 gcc/native/3.4.2.939/avr8-gnu-toolchain/bin/../lib/gcc/avr/4.7.2/../../../../avr/lib/avrxmega4\libm.a
END GROUP
LOAD c:/program files (x86)/atmel/atmel toolchain/avr8 gcc/native/3.4.2.939/avr8-gnu-toolchain/bin/../lib/gcc/avr/4.7.2/avrxmega4\libgcc.a
LOAD c:/program files (x86)/atmel/atmel toolchain/avr8 gcc/native/3.4.2.939/avr8-gnu-toolchain/bin/../lib/gcc/avr/4.7.2/../../../../avr/lib/avrxmega4\libc.a
LOAD c:/program files (x86)/atmel/atmel toolchain/avr8 gcc/native/3.4.2.939/avr8-gnu-toolchain/bin/../lib/gcc/avr/4.7.2/avrxmega4\libgcc.a

.hash
 *(.hash)

.dynsym
 *(.dynsym)

.dynstr
 *(.dynstr)

.gnu.version
 *(.gnu.version)

.gnu.version_d
 *(.gnu.version_d)

.gnu.version_r
 *(.gnu.version_r)

.rel.init
 *(.rel.init)

.rela.init
 *(.rela.init)

.rel.text
 *(.rel.text)
 *(.rel.text.*)
 *(.rel.gnu.linkonce.t*)

.rela.text
 *(.rela.text)
 *(.rela.text.*)
 *(.rela.gnu.linkonce.t*)

.rel.fini
 *(.rel.fini)

.rela.fini
 *(.rela.fini)

.rel.rodata
 *(.rel.rodata)
 *(.rel.rodata.*)
 *(.rel.gnu.linkonce.r*)

.rela.rodata
 *(.rela.rodata)
 *(.rela.rodata.*)
 *(.rela.gnu.linkonce.r*)

.rel.data
 *(.rel.data)
 *(.rel.data.*)
 *(.rel.gnu.linkonce.d*)

.rela.data
 *(.rela.data)
 *(.rela.data.*)
 *(.rela.gnu.linkonce.d*)

.rel.ctors
 *(.rel.ctors)

.rela.ctors
 *(.rela.ctors)

.rel.dtors
 *(.rel.dtors)

.rela.dtors
 *(.rela.dtors)

.rel.got
 *(.rel.got)

.rela.got
 *(.rela.got)

.rel.bss
 *(.rel.bss)

.rela.bss
 *(.rela.bss)

.rel.plt
 *(.rel.plt)

.rela.plt
 *(.rela.plt)

.text           0x00000000     0x1d86
 *(.vectors)
 .vectors       0x00000000      0x1c8 c:/program files (x86)/atmel/atmel toolchain/avr8 gcc/native/3.4.2.939/avr8-gnu-toolchain/bin/../lib/gcc/avr/4.7.2/../../../../avr/lib/avrxmega4/crtx64d3.o
                0x00000000                __vector_default
                0x00000000                __vectors
 *(.vectors)
 *(.progmem.gcc*)
 *(.progmem*)
 .progmem.data.rgb_led_lut
                0x000001c8        0x8 BEEP_XMega.o
                0x000001c8                rgb_led_lut
 .progmem.data.pwmtable_12
                0x000001d0      0x200 BEEP_XMega.o
                0x000001d0                pwmtable_12
 .progmem.data.ir_led_lut
                0x000003d0        0x8 lib/ir_driver.o
                0x000003d0                ir_led_lut
 .progmem.data.scaleIRTable
                0x000003d8      0x800 lib/ir_driver.o
                0x000003d8                scaleIRTable
                0x00000bd8                . = ALIGN (0x2)
                0x00000bd8                __trampolines_start = .
 *(.trampolines)
 .trampolines   0x00000bd8        0x0 linker stubs
 *(.trampolines*)
                0x00000bd8                __trampolines_end = .
 *(.jumptables)
 *(.jumptables*)
 *(.lowtext)
 *(.lowtext*)
                0x00000bd8                __ctors_start = .
 *(.ctors)
                0x00000bd8                __ctors_end = .
                0x00000bd8                __dtors_start = .
 *(.dtors)
                0x00000bd8                __dtors_end = .
 SORT(*)(.ctors)
 SORT(*)(.dtors)
 *(.init0)
 .init0         0x00000bd8        0x0 c:/program files (x86)/atmel/atmel toolchain/avr8 gcc/native/3.4.2.939/avr8-gnu-toolchain/bin/../lib/gcc/avr/4.7.2/../../../../avr/lib/avrxmega4/crtx64d3.o
                0x00000bd8                __init
 *(.init0)
 *(.init1)
 *(.init1)
 *(.init2)
 .init2         0x00000bd8        0xc c:/program files (x86)/atmel/atmel toolchain/avr8 gcc/native/3.4.2.939/avr8-gnu-toolchain/bin/../lib/gcc/avr/4.7.2/../../../../avr/lib/avrxmega4/crtx64d3.o
 *(.init2)
 *(.init3)
 *(.init3)
 *(.init4)
 .init4         0x00000be4       0x10 c:/program files (x86)/atmel/atmel toolchain/avr8 gcc/native/3.4.2.939/avr8-gnu-toolchain/bin/../lib/gcc/avr/4.7.2/avrxmega4\libgcc.a(_clear_bss.o)
                0x00000be4                __do_clear_bss
 *(.init4)
 *(.init5)
 *(.init5)
 *(.init6)
 *(.init6)
 *(.init7)
 *(.init7)
 *(.init8)
 *(.init8)
 *(.init9)
 .init9         0x00000bf4        0x8 c:/program files (x86)/atmel/atmel toolchain/avr8 gcc/native/3.4.2.939/avr8-gnu-toolchain/bin/../lib/gcc/avr/4.7.2/../../../../avr/lib/avrxmega4/crtx64d3.o
 *(.init9)
 *(.text)
 .text          0x00000bfc        0x4 c:/program files (x86)/atmel/atmel toolchain/avr8 gcc/native/3.4.2.939/avr8-gnu-toolchain/bin/../lib/gcc/avr/4.7.2/../../../../avr/lib/avrxmega4/crtx64d3.o
                0x00000bfc                __vector_38
                0x00000bfc                __vector_104
                0x00000bfc                __vector_22
                0x00000bfc                __vector_63
                0x00000bfc                __vector_28
                0x00000bfc                __vector_67
                0x00000bfc                __vector_1
                0x00000bfc                __vector_32
                0x00000bfc                __vector_75
                0x00000bfc                __vector_91
                0x00000bfc                __vector_34
                0x00000bfc                __vector_62
                0x00000bfc                __vector_102
                0x00000bfc                __vector_24
                0x00000bfc                __vector_12
                0x00000bfc                __vector_55
                0x00000bfc                __vector_69
                0x00000bfc                __vector_81
                0x00000bfc                __vector_90
                0x00000bfc                __vector_46
                0x00000bfc                __bad_interrupt
                0x00000bfc                __vector_72
                0x00000bfc                __vector_6
                0x00000bfc                __vector_110
                0x00000bfc                __vector_31
                0x00000bfc                __vector_92
                0x00000bfc                __vector_35
                0x00000bfc                __vector_78
                0x00000bfc                __vector_74
                0x00000bfc                __vector_39
                0x00000bfc                __vector_107
                0x00000bfc                __vector_3
                0x00000bfc                __vector_105
                0x00000bfc                __vector_98
                0x00000bfc                __vector_23
                0x00000bfc                __vector_68
                0x00000bfc                __vector_30
                0x00000bfc                __vector_73
                0x00000bfc                __vector_45
                0x00000bfc                __vector_25
                0x00000bfc                __vector_93
                0x00000bfc                __vector_61
                0x00000bfc                __vector_11
                0x00000bfc                __vector_54
                0x00000bfc                __vector_99
                0x00000bfc                __vector_13
                0x00000bfc                __vector_17
                0x00000bfc                __vector_19
                0x00000bfc                __vector_56
                0x00000bfc                __vector_7
                0x00000bfc                __vector_49
                0x00000bfc                __vector_41
                0x00000bfc                __vector_86
                0x00000bfc                __vector_100
                0x00000bfc                __vector_101
                0x00000bfc                __vector_64
                0x00000bfc                __vector_109
                0x00000bfc                __vector_43
                0x00000bfc                __vector_27
                0x00000bfc                __vector_5
                0x00000bfc                __vector_113
                0x00000bfc                __vector_33
                0x00000bfc                __vector_76
                0x00000bfc                __vector_52
                0x00000bfc                __vector_37
                0x00000bfc                __vector_95
                0x00000bfc                __vector_103
                0x00000bfc                __vector_96
                0x00000bfc                __vector_108
                0x00000bfc                __vector_4
                0x00000bfc                __vector_44
                0x00000bfc                __vector_82
                0x00000bfc                __vector_106
                0x00000bfc                __vector_51
                0x00000bfc                __vector_9
                0x00000bfc                __vector_2
                0x00000bfc                __vector_21
                0x00000bfc                __vector_15
                0x00000bfc                __vector_66
                0x00000bfc                __vector_36
                0x00000bfc                __vector_79
                0x00000bfc                __vector_58
                0x00000bfc                __vector_70
                0x00000bfc                __vector_83
                0x00000bfc                __vector_29
                0x00000bfc                __vector_60
                0x00000bfc                __vector_40
                0x00000bfc                __vector_85
                0x00000bfc                __vector_94
                0x00000bfc                __vector_8
                0x00000bfc                __vector_26
                0x00000bfc                __vector_48
                0x00000bfc                __vector_112
                0x00000bfc                __vector_111
                0x00000bfc                __vector_80
                0x00000bfc                __vector_14
                0x00000bfc                __vector_84
                0x00000bfc                __vector_57
                0x00000bfc                __vector_53
                0x00000bfc                __vector_10
                0x00000bfc                __vector_50
                0x00000bfc                __vector_16
                0x00000bfc                __vector_59
                0x00000bfc                __vector_18
                0x00000bfc                __vector_97
                0x00000bfc                __vector_20
                0x00000bfc                __vector_42
                0x00000bfc                __vector_87
                0x00000bfc                __vector_65
                0x00000c00                . = ALIGN (0x2)
 *(.text.*)
 .text.init_enable_32mhz
                0x00000c00       0x26 BEEP_XMega.o
                0x00000c00                init_enable_32mhz
 .text.init_usart
                0x00000c26       0x4c BEEP_XMega.o
                0x00000c26                init_usart
 .text.init_rgb_led
                0x00000c72       0x26 BEEP_XMega.o
                0x00000c72                init_rgb_led
 .text.set_beepmotor_speed
                0x00000c98       0x52 BEEP_XMega.o
                0x00000c98                set_beepmotor_speed
 .text.main     0x00000cea      0x53a BEEP_XMega.o
                0x00000cea                main
 .text.__vector_88
                0x00001224       0x54 BEEP_XMega.o
                0x00001224                __vector_88
 .text.__vector_89
                0x00001278       0x54 BEEP_XMega.o
                0x00001278                __vector_89
 .text.__vector_71
                0x000012cc       0x50 BEEP_XMega.o
                0x000012cc                __vector_71
 .text.__vector_47
                0x0000131c      0x190 BEEP_XMega.o
                0x0000131c                __vector_47
 .text.init_adc
                0x000014ac       0x16 lib/ir_driver.o
                0x000014ac                init_adc
 .text.init_ir_led
                0x000014c2        0xa lib/ir_driver.o
                0x000014c2                init_ir_led
 .text.init_ir_driver
                0x000014cc        0xa lib/ir_driver.o
                0x000014cc                init_ir_driver
 .text.start_adc
                0x000014d6       0x16 lib/ir_driver.o
                0x000014d6                start_adc
 .text.ir_led_enable
                0x000014ec       0x1e lib/ir_driver.o
                0x000014ec                ir_led_enable
 .text.measure_ir_distance
                0x0000150a       0x2c lib/ir_driver.o
                0x0000150a                measure_ir_distance
 .text.measure_ir_distances
                0x00001536       0x9a lib/ir_driver.o
                0x00001536                measure_ir_distances
 .text.ir_driver_is_measuring
                0x000015d0        0xe lib/ir_driver.o
                0x000015d0                ir_driver_is_measuring
 .text.ISR_adc_ir_driver
                0x000015de      0x144 lib/ir_driver.o
                0x000015de                ISR_adc_ir_driver
 .text.set_motor_operation_mode
                0x00001722       0x28 lib/motor_driver.o
                0x00001722                set_motor_operation_mode
 .text.init_motor
                0x0000174a       0x2e lib/motor_driver.o
                0x0000174a                init_motor
 .text.set_motor_speed
                0x00001778       0x26 lib/motor_driver.o
                0x00001778                set_motor_speed
 .text.set_motor_on
                0x0000179e       0x18 lib/motor_driver.o
                0x0000179e                set_motor_on
 .text.USART_InterruptDriver_Initialize
                0x000017b6       0x12 lib/usart_driver.o
                0x000017b6                USART_InterruptDriver_Initialize
 .text.USART_TXBuffer_FreeSpace
                0x000017c8       0x14 lib/usart_driver.o
                0x000017c8                USART_TXBuffer_FreeSpace
 .text.USART_TXBuffer_PutByte
                0x000017dc       0x38 lib/usart_driver.o
                0x000017dc                USART_TXBuffer_PutByte
 .text.USART_RXBufferData_Available
                0x00001814       0x10 lib/usart_driver.o
                0x00001814                USART_RXBufferData_Available
 .text.USART_RXBuffer_GetByte
                0x00001824       0x18 lib/usart_driver.o
                0x00001824                USART_RXBuffer_GetByte
 .text.USART_RXComplete
                0x0000183c       0x2a lib/usart_driver.o
                0x0000183c                USART_RXComplete
 .text.USART_DataRegEmpty
                0x00001866       0x34 lib/usart_driver.o
                0x00001866                USART_DataRegEmpty
 .text.xmega_tcca_clk_freq_sel
                0x0000189a        0x6 lib/xmega_freq_cntr.o
                0x0000189a                xmega_tcca_clk_freq_sel
 .text.xmega_freq_cntr_init
                0x000018a0       0x1e lib/xmega_freq_cntr.o
                0x000018a0                xmega_freq_cntr_init
 .text.xmega_freq_cntr_start_meas
                0x000018be       0x4c lib/xmega_freq_cntr.o
                0x000018be                xmega_freq_cntr_start_meas
 .text.xmega_get_result
                0x0000190a        0xa lib/xmega_freq_cntr.o
                0x0000190a                xmega_get_result
 .text.xmega_freq_cntr_clr_result
                0x00001914        0xa lib/xmega_freq_cntr.o
                0x00001914                xmega_freq_cntr_clr_result
 .text.__vector_77
                0x0000191e       0x6c lib/xmega_freq_cntr.o
                0x0000191e                __vector_77
 .text.avr-libc.fplib
                0x0000198a        0xa c:/program files (x86)/atmel/atmel toolchain/avr8 gcc/native/3.4.2.939/avr8-gnu-toolchain/bin/../lib/gcc/avr/4.7.2/../../../../avr/lib/avrxmega4\libm.a(addsf3.o)
                0x0000198a                __subsf3
                0x0000198c                __addsf3
 .text.avr-libc.fplib
                0x00001994       0xc0 c:/program files (x86)/atmel/atmel toolchain/avr8 gcc/native/3.4.2.939/avr8-gnu-toolchain/bin/../lib/gcc/avr/4.7.2/../../../../avr/lib/avrxmega4\libm.a(addsf3x.o)
                0x000019ae                __addsf3x
 .text.avr-libc.fplib
                0x00001a54        0x8 c:/program files (x86)/atmel/atmel toolchain/avr8 gcc/native/3.4.2.939/avr8-gnu-toolchain/bin/../lib/gcc/avr/4.7.2/../../../../avr/lib/avrxmega4\libm.a(cmpsf2.o)
                0x00001a54                __nesf2
                0x00001a54                __eqsf2
                0x00001a54                __cmpsf2
                0x00001a54                __ltsf2
                0x00001a54                __lesf2
 .text.avr-libc.fplib
                0x00001a5c        0xa c:/program files (x86)/atmel/atmel toolchain/avr8 gcc/native/3.4.2.939/avr8-gnu-toolchain/bin/../lib/gcc/avr/4.7.2/../../../../avr/lib/avrxmega4\libm.a(fixsfsi.o)
                0x00001a5c                __fixsfsi
 .text.avr-libc.fplib
                0x00001a66       0x58 c:/program files (x86)/atmel/atmel toolchain/avr8 gcc/native/3.4.2.939/avr8-gnu-toolchain/bin/../lib/gcc/avr/4.7.2/../../../../avr/lib/avrxmega4\libm.a(fixunssfsi.o)
                0x00001a66                __fixunssfsi
 .text.avr-libc.fplib
                0x00001abe       0x7a c:/program files (x86)/atmel/atmel toolchain/avr8 gcc/native/3.4.2.939/avr8-gnu-toolchain/bin/../lib/gcc/avr/4.7.2/../../../../avr/lib/avrxmega4\libm.a(floatsisf.o)
                0x00001abe                __floatunsisf
                0x00001ac2                __floatsisf
 .text.avr-libc.fplib
                0x00001b38       0x48 c:/program files (x86)/atmel/atmel toolchain/avr8 gcc/native/3.4.2.939/avr8-gnu-toolchain/bin/../lib/gcc/avr/4.7.2/../../../../avr/lib/avrxmega4\libm.a(fp_cmp.o)
                0x00001b38                __fp_cmp
 .text.avr-libc.fplib
                0x00001b80        0xc c:/program files (x86)/atmel/atmel toolchain/avr8 gcc/native/3.4.2.939/avr8-gnu-toolchain/bin/../lib/gcc/avr/4.7.2/../../../../avr/lib/avrxmega4\libm.a(fp_inf.o)
                0x00001b80                __fp_inf
 .text.avr-libc.fplib
                0x00001b8c        0x6 c:/program files (x86)/atmel/atmel toolchain/avr8 gcc/native/3.4.2.939/avr8-gnu-toolchain/bin/../lib/gcc/avr/4.7.2/../../../../avr/lib/avrxmega4\libm.a(fp_nan.o)
                0x00001b8c                __fp_nan
 .text.avr-libc.fplib
                0x00001b92        0xe c:/program files (x86)/atmel/atmel toolchain/avr8 gcc/native/3.4.2.939/avr8-gnu-toolchain/bin/../lib/gcc/avr/4.7.2/../../../../avr/lib/avrxmega4\libm.a(fp_pscA.o)
                0x00001b92                __fp_pscA
 .text.avr-libc.fplib
                0x00001ba0        0xe c:/program files (x86)/atmel/atmel toolchain/avr8 gcc/native/3.4.2.939/avr8-gnu-toolchain/bin/../lib/gcc/avr/4.7.2/../../../../avr/lib/avrxmega4\libm.a(fp_pscB.o)
                0x00001ba0                __fp_pscB
 .text.avr-libc.fplib
                0x00001bae       0x22 c:/program files (x86)/atmel/atmel toolchain/avr8 gcc/native/3.4.2.939/avr8-gnu-toolchain/bin/../lib/gcc/avr/4.7.2/../../../../avr/lib/avrxmega4\libm.a(fp_round.o)
                0x00001bae                __fp_round
 .text.avr-libc.fplib
                0x00001bd0       0x44 c:/program files (x86)/atmel/atmel toolchain/avr8 gcc/native/3.4.2.939/avr8-gnu-toolchain/bin/../lib/gcc/avr/4.7.2/../../../../avr/lib/avrxmega4\libm.a(fp_split3.o)
                0x00001bd0                __fp_split3
                0x00001be0                __fp_splitA
 .text.avr-libc.fplib
                0x00001c14        0xe c:/program files (x86)/atmel/atmel toolchain/avr8 gcc/native/3.4.2.939/avr8-gnu-toolchain/bin/../lib/gcc/avr/4.7.2/../../../../avr/lib/avrxmega4\libm.a(fp_zero.o)
                0x00001c14                __fp_zero
                0x00001c16                __fp_szero
 .text.avr-libc.fplib
                0x00001c22        0x8 c:/program files (x86)/atmel/atmel toolchain/avr8 gcc/native/3.4.2.939/avr8-gnu-toolchain/bin/../lib/gcc/avr/4.7.2/../../../../avr/lib/avrxmega4\libm.a(gesf2.o)
                0x00001c22                __gesf2
                0x00001c22                __gtsf2
 .text.avr-libc.fplib
                0x00001c2a        0x4 c:/program files (x86)/atmel/atmel toolchain/avr8 gcc/native/3.4.2.939/avr8-gnu-toolchain/bin/../lib/gcc/avr/4.7.2/../../../../avr/lib/avrxmega4\libm.a(mulsf3.o)
                0x00001c2a                __mulsf3
 .text.avr-libc.fplib
                0x00001c2e       0xc2 c:/program files (x86)/atmel/atmel toolchain/avr8 gcc/native/3.4.2.939/avr8-gnu-toolchain/bin/../lib/gcc/avr/4.7.2/../../../../avr/lib/avrxmega4\libm.a(mulsf3x.o)
                0x00001c42                __mulsf3x
                0x00001c46                __mulsf3_pse
 .text.avr-libc.fplib
                0x00001cf0       0x40 c:/program files (x86)/atmel/atmel toolchain/avr8 gcc/native/3.4.2.939/avr8-gnu-toolchain/bin/../lib/gcc/avr/4.7.2/../../../../avr/lib/avrxmega4\libm.a(round.o)
                0x00001cf0                round
 .text.avr-libc.fplib
                0x00001d30       0x36 c:/program files (x86)/atmel/atmel toolchain/avr8 gcc/native/3.4.2.939/avr8-gnu-toolchain/bin/../lib/gcc/avr/4.7.2/../../../../avr/lib/avrxmega4\libm.a(fp_mintl.o)
                0x00001d30                __fp_mintl
 .text.avr-libc.fplib
                0x00001d66       0x1c c:/program files (x86)/atmel/atmel toolchain/avr8 gcc/native/3.4.2.939/avr8-gnu-toolchain/bin/../lib/gcc/avr/4.7.2/../../../../avr/lib/avrxmega4\libm.a(fp_mpack.o)
                0x00001d66                __fp_mpack
                0x00001d6a                __fp_mpack_finite
                0x00001d82                . = ALIGN (0x2)
 *(.fini9)
 .fini9         0x00001d82        0x0 c:/program files (x86)/atmel/atmel toolchain/avr8 gcc/native/3.4.2.939/avr8-gnu-toolchain/bin/../lib/gcc/avr/4.7.2/avrxmega4\libgcc.a(_exit.o)
                0x00001d82                _exit
                0x00001d82                exit
 *(.fini9)
 *(.fini8)
 *(.fini8)
 *(.fini7)
 *(.fini7)
 *(.fini6)
 *(.fini6)
 *(.fini5)
 *(.fini5)
 *(.fini4)
 *(.fini4)
 *(.fini3)
 *(.fini3)
 *(.fini2)
 *(.fini2)
 *(.fini1)
 *(.fini1)
 *(.fini0)
 .fini0         0x00001d82        0x4 c:/program files (x86)/atmel/atmel toolchain/avr8 gcc/native/3.4.2.939/avr8-gnu-toolchain/bin/../lib/gcc/avr/4.7.2/avrxmega4\libgcc.a(_exit.o)
 *(.fini0)
                0x00001d86                _etext = .

.data           0x00802000        0x0 load address 0x00001d86
                0x00802000                PROVIDE (__data_start, .)
 *(.data)
 .data          0x00802000        0x0 c:/program files (x86)/atmel/atmel toolchain/avr8 gcc/native/3.4.2.939/avr8-gnu-toolchain/bin/../lib/gcc/avr/4.7.2/../../../../avr/lib/avrxmega4/crtx64d3.o
 .data          0x00802000        0x0 BEEP_XMega.o
 .data          0x00802000        0x0 lib/ir_driver.o
 .data          0x00802000        0x0 lib/motor_driver.o
 .data          0x00802000        0x0 lib/usart_driver.o
 .data          0x00802000        0x0 lib/xmega_freq_cntr.o
 .data          0x00802000        0x0 c:/program files (x86)/atmel/atmel toolchain/avr8 gcc/native/3.4.2.939/avr8-gnu-toolchain/bin/../lib/gcc/avr/4.7.2/../../../../avr/lib/avrxmega4\libm.a(addsf3.o)
 .data          0x00802000        0x0 c:/program files (x86)/atmel/atmel toolchain/avr8 gcc/native/3.4.2.939/avr8-gnu-toolchain/bin/../lib/gcc/avr/4.7.2/../../../../avr/lib/avrxmega4\libm.a(addsf3x.o)
 .data          0x00802000        0x0 c:/program files (x86)/atmel/atmel toolchain/avr8 gcc/native/3.4.2.939/avr8-gnu-toolchain/bin/../lib/gcc/avr/4.7.2/../../../../avr/lib/avrxmega4\libm.a(cmpsf2.o)
 .data          0x00802000        0x0 c:/program files (x86)/atmel/atmel toolchain/avr8 gcc/native/3.4.2.939/avr8-gnu-toolchain/bin/../lib/gcc/avr/4.7.2/../../../../avr/lib/avrxmega4\libm.a(fixsfsi.o)
 .data          0x00802000        0x0 c:/program files (x86)/atmel/atmel toolchain/avr8 gcc/native/3.4.2.939/avr8-gnu-toolchain/bin/../lib/gcc/avr/4.7.2/../../../../avr/lib/avrxmega4\libm.a(fixunssfsi.o)
 .data          0x00802000        0x0 c:/program files (x86)/atmel/atmel toolchain/avr8 gcc/native/3.4.2.939/avr8-gnu-toolchain/bin/../lib/gcc/avr/4.7.2/../../../../avr/lib/avrxmega4\libm.a(floatsisf.o)
 .data          0x00802000        0x0 c:/program files (x86)/atmel/atmel toolchain/avr8 gcc/native/3.4.2.939/avr8-gnu-toolchain/bin/../lib/gcc/avr/4.7.2/../../../../avr/lib/avrxmega4\libm.a(fp_cmp.o)
 .data          0x00802000        0x0 c:/program files (x86)/atmel/atmel toolchain/avr8 gcc/native/3.4.2.939/avr8-gnu-toolchain/bin/../lib/gcc/avr/4.7.2/../../../../avr/lib/avrxmega4\libm.a(fp_inf.o)
 .data          0x00802000        0x0 c:/program files (x86)/atmel/atmel toolchain/avr8 gcc/native/3.4.2.939/avr8-gnu-toolchain/bin/../lib/gcc/avr/4.7.2/../../../../avr/lib/avrxmega4\libm.a(fp_nan.o)
 .data          0x00802000        0x0 c:/program files (x86)/atmel/atmel toolchain/avr8 gcc/native/3.4.2.939/avr8-gnu-toolchain/bin/../lib/gcc/avr/4.7.2/../../../../avr/lib/avrxmega4\libm.a(fp_pscA.o)
 .data          0x00802000        0x0 c:/program files (x86)/atmel/atmel toolchain/avr8 gcc/native/3.4.2.939/avr8-gnu-toolchain/bin/../lib/gcc/avr/4.7.2/../../../../avr/lib/avrxmega4\libm.a(fp_pscB.o)
 .data          0x00802000        0x0 c:/program files (x86)/atmel/atmel toolchain/avr8 gcc/native/3.4.2.939/avr8-gnu-toolchain/bin/../lib/gcc/avr/4.7.2/../../../../avr/lib/avrxmega4\libm.a(fp_round.o)
 .data          0x00802000        0x0 c:/program files (x86)/atmel/atmel toolchain/avr8 gcc/native/3.4.2.939/avr8-gnu-toolchain/bin/../lib/gcc/avr/4.7.2/../../../../avr/lib/avrxmega4\libm.a(fp_split3.o)
 .data          0x00802000        0x0 c:/program files (x86)/atmel/atmel toolchain/avr8 gcc/native/3.4.2.939/avr8-gnu-toolchain/bin/../lib/gcc/avr/4.7.2/../../../../avr/lib/avrxmega4\libm.a(fp_zero.o)
 .data          0x00802000        0x0 c:/program files (x86)/atmel/atmel toolchain/avr8 gcc/native/3.4.2.939/avr8-gnu-toolchain/bin/../lib/gcc/avr/4.7.2/../../../../avr/lib/avrxmega4\libm.a(gesf2.o)
 .data          0x00802000        0x0 c:/program files (x86)/atmel/atmel toolchain/avr8 gcc/native/3.4.2.939/avr8-gnu-toolchain/bin/../lib/gcc/avr/4.7.2/../../../../avr/lib/avrxmega4\libm.a(mulsf3.o)
 .data          0x00802000        0x0 c:/program files (x86)/atmel/atmel toolchain/avr8 gcc/native/3.4.2.939/avr8-gnu-toolchain/bin/../lib/gcc/avr/4.7.2/../../../../avr/lib/avrxmega4\libm.a(mulsf3x.o)
 .data          0x00802000        0x0 c:/program files (x86)/atmel/atmel toolchain/avr8 gcc/native/3.4.2.939/avr8-gnu-toolchain/bin/../lib/gcc/avr/4.7.2/../../../../avr/lib/avrxmega4\libm.a(round.o)
 .data          0x00802000        0x0 c:/program files (x86)/atmel/atmel toolchain/avr8 gcc/native/3.4.2.939/avr8-gnu-toolchain/bin/../lib/gcc/avr/4.7.2/../../../../avr/lib/avrxmega4\libm.a(fp_mintl.o)
 .data          0x00802000        0x0 c:/program files (x86)/atmel/atmel toolchain/avr8 gcc/native/3.4.2.939/avr8-gnu-toolchain/bin/../lib/gcc/avr/4.7.2/../../../../avr/lib/avrxmega4\libm.a(fp_mpack.o)
 .data          0x00802000        0x0 c:/program files (x86)/atmel/atmel toolchain/avr8 gcc/native/3.4.2.939/avr8-gnu-toolchain/bin/../lib/gcc/avr/4.7.2/avrxmega4\libgcc.a(_exit.o)
 .data          0x00802000        0x0 c:/program files (x86)/atmel/atmel toolchain/avr8 gcc/native/3.4.2.939/avr8-gnu-toolchain/bin/../lib/gcc/avr/4.7.2/avrxmega4\libgcc.a(_clear_bss.o)
 *(.data*)
 *(.rodata)
 *(.rodata*)
 *(.gnu.linkonce.d*)
                0x00802000                . = ALIGN (0x2)
                0x00802000                _edata = .
                0x00802000                PROVIDE (__data_end, .)

.bss            0x00802000       0x4b
                0x00802000                PROVIDE (__bss_start, .)
 *(.bss)
 *(.bss*)
 .bss.led_multiplex_counter.3476
                0x00802000        0x1 BEEP_XMega.o
 .bss.led.3477  0x00802001        0x1 BEEP_XMega.o
 .bss.conv_left
                0x00802002        0x1 lib/ir_driver.o
                0x00802002                conv_left
 .bss.ir_raw_stored
                0x00802003        0x1 lib/ir_driver.o
                0x00802003                ir_raw_stored
 .bss.clk_sel   0x00802004        0x1 lib/xmega_freq_cntr.o
                0x00802004                clk_sel
 .bss.ic_result
                0x00802005        0x2 lib/xmega_freq_cntr.o
                0x00802005                ic_result
 *(COMMON)
 COMMON         0x00802007       0x37 BEEP_XMega.o
                0x00802007                myColors
                0x0080201f                USART_data
 COMMON         0x0080203e        0xd lib/ir_driver.o
                0x0080203e                adc_task
                0x0080203f                ir_data_buffer
                0x00802048                last_adc
                0x0080204a                cur_ir_led
                0x0080204b                PROVIDE (__bss_end, .)
                0x00001d86                __data_load_start = LOADADDR (.data)
                0x00001d86                __data_load_end = (__data_load_start + SIZEOF (.data))

.noinit         0x0080204b        0x0
                0x0080204b                PROVIDE (__noinit_start, .)
 *(.noinit*)
                0x0080204b                PROVIDE (__noinit_end, .)
                0x0080204b                _end = .
                0x0080204b                PROVIDE (__heap_start, .)

.eeprom         0x00810000        0x0
 *(.eeprom*)
                0x00810000                __eeprom_end = .

.fuse
 *(.fuse)
 *(.lfuse)
 *(.hfuse)
 *(.efuse)

.lock
 *(.lock*)

.signature
 *(.signature*)

.user_signatures
 *(.user_signatures*)

.stab           0x00000000     0x22f8
 *(.stab)
 .stab          0x00000000      0x6cc c:/program files (x86)/atmel/atmel toolchain/avr8 gcc/native/3.4.2.939/avr8-gnu-toolchain/bin/../lib/gcc/avr/4.7.2/../../../../avr/lib/avrxmega4/crtx64d3.o
 .stab          0x000006cc       0x78 c:/program files (x86)/atmel/atmel toolchain/avr8 gcc/native/3.4.2.939/avr8-gnu-toolchain/bin/../lib/gcc/avr/4.7.2/../../../../avr/lib/avrxmega4\libm.a(addsf3.o)
                                 0x84 (size before relaxing)
 .stab          0x00000744      0x4bc c:/program files (x86)/atmel/atmel toolchain/avr8 gcc/native/3.4.2.939/avr8-gnu-toolchain/bin/../lib/gcc/avr/4.7.2/../../../../avr/lib/avrxmega4\libm.a(addsf3x.o)
                                0x4c8 (size before relaxing)
 .stab          0x00000c00       0x90 c:/program files (x86)/atmel/atmel toolchain/avr8 gcc/native/3.4.2.939/avr8-gnu-toolchain/bin/../lib/gcc/avr/4.7.2/../../../../avr/lib/avrxmega4\libm.a(cmpsf2.o)
                                 0x9c (size before relaxing)
 .stab          0x00000c90       0x6c c:/program files (x86)/atmel/atmel toolchain/avr8 gcc/native/3.4.2.939/avr8-gnu-toolchain/bin/../lib/gcc/avr/4.7.2/../../../../avr/lib/avrxmega4\libm.a(fixsfsi.o)
                                 0x78 (size before relaxing)
 .stab          0x00000cfc      0x240 c:/program files (x86)/atmel/atmel toolchain/avr8 gcc/native/3.4.2.939/avr8-gnu-toolchain/bin/../lib/gcc/avr/4.7.2/../../../../avr/lib/avrxmega4\libm.a(fixunssfsi.o)
                                0x24c (size before relaxing)
 .stab          0x00000f3c      0x318 c:/program files (x86)/atmel/atmel toolchain/avr8 gcc/native/3.4.2.939/avr8-gnu-toolchain/bin/../lib/gcc/avr/4.7.2/../../../../avr/lib/avrxmega4\libm.a(floatsisf.o)
                                0x324 (size before relaxing)
 .stab          0x00001254      0x1e0 c:/program files (x86)/atmel/atmel toolchain/avr8 gcc/native/3.4.2.939/avr8-gnu-toolchain/bin/../lib/gcc/avr/4.7.2/../../../../avr/lib/avrxmega4\libm.a(fp_cmp.o)
                                0x1ec (size before relaxing)
 .stab          0x00001434       0x78 c:/program files (x86)/atmel/atmel toolchain/avr8 gcc/native/3.4.2.939/avr8-gnu-toolchain/bin/../lib/gcc/avr/4.7.2/../../../../avr/lib/avrxmega4\libm.a(fp_inf.o)
                                 0x84 (size before relaxing)
 .stab          0x000014ac       0x54 c:/program files (x86)/atmel/atmel toolchain/avr8 gcc/native/3.4.2.939/avr8-gnu-toolchain/bin/../lib/gcc/avr/4.7.2/../../../../avr/lib/avrxmega4\libm.a(fp_nan.o)
                                 0x60 (size before relaxing)
 .stab          0x00001500       0x84 c:/program files (x86)/atmel/atmel toolchain/avr8 gcc/native/3.4.2.939/avr8-gnu-toolchain/bin/../lib/gcc/avr/4.7.2/../../../../avr/lib/avrxmega4\libm.a(fp_pscA.o)
                                 0x90 (size before relaxing)
 .stab          0x00001584       0x84 c:/program files (x86)/atmel/atmel toolchain/avr8 gcc/native/3.4.2.939/avr8-gnu-toolchain/bin/../lib/gcc/avr/4.7.2/../../../../avr/lib/avrxmega4\libm.a(fp_pscB.o)
                                 0x90 (size before relaxing)
 .stab          0x00001608       0xfc c:/program files (x86)/atmel/atmel toolchain/avr8 gcc/native/3.4.2.939/avr8-gnu-toolchain/bin/../lib/gcc/avr/4.7.2/../../../../avr/lib/avrxmega4\libm.a(fp_round.o)
                                0x108 (size before relaxing)
 .stab          0x00001704      0x1d4 c:/program files (x86)/atmel/atmel toolchain/avr8 gcc/native/3.4.2.939/avr8-gnu-toolchain/bin/../lib/gcc/avr/4.7.2/../../../../avr/lib/avrxmega4\libm.a(fp_split3.o)
                                0x1e0 (size before relaxing)
 .stab          0x000018d8       0x90 c:/program files (x86)/atmel/atmel toolchain/avr8 gcc/native/3.4.2.939/avr8-gnu-toolchain/bin/../lib/gcc/avr/4.7.2/../../../../avr/lib/avrxmega4\libm.a(fp_zero.o)
                                 0x9c (size before relaxing)
 .stab          0x00001968       0x6c c:/program files (x86)/atmel/atmel toolchain/avr8 gcc/native/3.4.2.939/avr8-gnu-toolchain/bin/../lib/gcc/avr/4.7.2/../../../../avr/lib/avrxmega4\libm.a(gesf2.o)
                                 0x78 (size before relaxing)
 .stab          0x000019d4       0x48 c:/program files (x86)/atmel/atmel toolchain/avr8 gcc/native/3.4.2.939/avr8-gnu-toolchain/bin/../lib/gcc/avr/4.7.2/../../../../avr/lib/avrxmega4\libm.a(mulsf3.o)
                                 0x54 (size before relaxing)
 .stab          0x00001a1c      0x4d4 c:/program files (x86)/atmel/atmel toolchain/avr8 gcc/native/3.4.2.939/avr8-gnu-toolchain/bin/../lib/gcc/avr/4.7.2/../../../../avr/lib/avrxmega4\libm.a(mulsf3x.o)
                                0x4e0 (size before relaxing)
 .stab          0x00001ef0      0x1b0 c:/program files (x86)/atmel/atmel toolchain/avr8 gcc/native/3.4.2.939/avr8-gnu-toolchain/bin/../lib/gcc/avr/4.7.2/../../../../avr/lib/avrxmega4\libm.a(round.o)
                                0x1bc (size before relaxing)
 .stab          0x000020a0      0x174 c:/program files (x86)/atmel/atmel toolchain/avr8 gcc/native/3.4.2.939/avr8-gnu-toolchain/bin/../lib/gcc/avr/4.7.2/../../../../avr/lib/avrxmega4\libm.a(fp_mintl.o)
                                0x180 (size before relaxing)
 .stab          0x00002214       0xe4 c:/program files (x86)/atmel/atmel toolchain/avr8 gcc/native/3.4.2.939/avr8-gnu-toolchain/bin/../lib/gcc/avr/4.7.2/../../../../avr/lib/avrxmega4\libm.a(fp_mpack.o)
                                 0xf0 (size before relaxing)

.stabstr        0x00000000      0x9a7
 *(.stabstr)
 .stabstr       0x00000000      0x9a7 c:/program files (x86)/atmel/atmel toolchain/avr8 gcc/native/3.4.2.939/avr8-gnu-toolchain/bin/../lib/gcc/avr/4.7.2/../../../../avr/lib/avrxmega4/crtx64d3.o

.stab.excl
 *(.stab.excl)

.stab.exclstr
 *(.stab.exclstr)

.stab.index
 *(.stab.index)

.stab.indexstr
 *(.stab.indexstr)

.comment        0x00000000       0x2f
 *(.comment)
 .comment       0x00000000       0x2f BEEP_XMega.o
                                 0x30 (size before relaxing)
 .comment       0x00000000       0x30 lib/ir_driver.o
 .comment       0x00000000       0x30 lib/motor_driver.o
 .comment       0x00000000       0x30 lib/usart_driver.o
 .comment       0x00000000       0x30 lib/xmega_freq_cntr.o

.debug
 *(.debug)

.line
 *(.line)

.debug_srcinfo
 *(.debug_srcinfo)

.debug_sfnames
 *(.debug_sfnames)

.debug_aranges  0x00000000      0x1b0
 *(.debug_aranges)
 .debug_aranges
                0x00000000       0x68 BEEP_XMega.o
 .debug_aranges
                0x00000068       0x60 lib/ir_driver.o
 .debug_aranges
                0x000000c8       0x38 lib/motor_driver.o
 .debug_aranges
                0x00000100       0x68 lib/usart_driver.o
 .debug_aranges
                0x00000168       0x48 lib/xmega_freq_cntr.o

.debug_pubnames
 *(.debug_pubnames)

.debug_info     0x00000000     0x3ee9
 *(.debug_info)
 .debug_info    0x00000000     0x171f BEEP_XMega.o
 .debug_info    0x0000171f      0xc58 lib/ir_driver.o
 .debug_info    0x00002377      0x98d lib/motor_driver.o
 .debug_info    0x00002d04      0x5ac lib/usart_driver.o
 .debug_info    0x000032b0      0xc39 lib/xmega_freq_cntr.o
 *(.gnu.linkonce.wi.*)

.debug_abbrev   0x00000000      0xadc
 *(.debug_abbrev)
 .debug_abbrev  0x00000000      0x3ba BEEP_XMega.o
 .debug_abbrev  0x000003ba      0x26e lib/ir_driver.o
 .debug_abbrev  0x00000628      0x153 lib/motor_driver.o
 .debug_abbrev  0x0000077b      0x216 lib/usart_driver.o
 .debug_abbrev  0x00000991      0x14b lib/xmega_freq_cntr.o

.debug_line     0x00000000      0xc26
 *(.debug_line)
 .debug_line    0x00000000      0x3ac BEEP_XMega.o
 .debug_line    0x000003ac      0x285 lib/ir_driver.o
 .debug_line    0x00000631      0x1bf lib/motor_driver.o
 .debug_line    0x000007f0      0x24d lib/usart_driver.o
 .debug_line    0x00000a3d      0x1e9 lib/xmega_freq_cntr.o

.debug_frame    0x00000000      0x448
 *(.debug_frame)
 .debug_frame   0x00000000      0x1dc BEEP_XMega.o
 .debug_frame   0x000001dc       0xb8 lib/ir_driver.o
 .debug_frame   0x00000294       0x54 lib/motor_driver.o
 .debug_frame   0x000002e8       0xc4 lib/usart_driver.o
 .debug_frame   0x000003ac       0x9c lib/xmega_freq_cntr.o

.debug_str      0x00000000     0x1fee
 *(.debug_str)
 .debug_str     0x00000000      0xd28 BEEP_XMega.o
                                0xdda (size before relaxing)
 .debug_str     0x00000d28      0x5eb lib/ir_driver.o
                                0xa51 (size before relaxing)
 .debug_str     0x00001313       0x16 lib/motor_driver.o
                                0x6df (size before relaxing)
 .debug_str     0x00001329       0xe9 lib/usart_driver.o
                                0x3cc (size before relaxing)
 .debug_str     0x00001412      0xbdc lib/xmega_freq_cntr.o
                               0x11d2 (size before relaxing)

.debug_loc      0x00000000     0x15a8
 *(.debug_loc)
 .debug_loc     0x00000000      0xe18 BEEP_XMega.o
 .debug_loc     0x00000e18      0x2ec lib/ir_driver.o
 .debug_loc     0x00001104       0x58 lib/motor_driver.o
 .debug_loc     0x0000115c      0x3cf lib/usart_driver.o
 .debug_loc     0x0000152b       0x7d lib/xmega_freq_cntr.o

.debug_macinfo
 *(.debug_macinfo)

.debug_pubtypes
 *(.debug_pubtypes)

.debug_ranges   0x00000000      0x1a8
 *(.debug_ranges)
 .debug_ranges  0x00000000       0x88 BEEP_XMega.o
 .debug_ranges  0x00000088       0x68 lib/ir_driver.o
 .debug_ranges  0x000000f0       0x28 lib/motor_driver.o
 .debug_ranges  0x00000118       0x58 lib/usart_driver.o
 .debug_ranges  0x00000170       0x38 lib/xmega_freq_cntr.o

.debug_macro
 *(.debug_macro)
OUTPUT(BEEP_XMega.elf elf32-avr)
LOAD linker stubs
