Archive member included because of file (symbol)

c:/program files (x86)/atmel/atmel toolchain/avr8 gcc/native/3.4.2.939/avr8-gnu-toolchain/bin/../lib/gcc/avr/4.7.2/avrxmega4\libgcc.a(_udivmodsi4.o)
                              BEEP_XMega.o (__udivmodsi4)
c:/program files (x86)/atmel/atmel toolchain/avr8 gcc/native/3.4.2.939/avr8-gnu-toolchain/bin/../lib/gcc/avr/4.7.2/avrxmega4\libgcc.a(_exit.o)
                              c:/program files (x86)/atmel/atmel toolchain/avr8 gcc/native/3.4.2.939/avr8-gnu-toolchain/bin/../lib/gcc/avr/4.7.2/../../../../avr/lib/avrxmega4/crtx64d3.o (exit)
c:/program files (x86)/atmel/atmel toolchain/avr8 gcc/native/3.4.2.939/avr8-gnu-toolchain/bin/../lib/gcc/avr/4.7.2/avrxmega4\libgcc.a(_copy_data.o)
                              BEEP_XMega.o (__do_copy_data)
c:/program files (x86)/atmel/atmel toolchain/avr8 gcc/native/3.4.2.939/avr8-gnu-toolchain/bin/../lib/gcc/avr/4.7.2/avrxmega4\libgcc.a(_clear_bss.o)
                              BEEP_XMega.o (__do_clear_bss)

Allocating common symbols
Common symbol       size              file

myColors            0x18              BEEP_XMega.o
adc_channel         0x1               BEEP_XMega.o
ir_data             0x8               BEEP_XMega.o
USART_data          0xf               BEEP_XMega.o

Discarded input sections

 .bss           0x00000000        0x0 c:/program files (x86)/atmel/atmel toolchain/avr8 gcc/native/3.4.2.939/avr8-gnu-toolchain/bin/../lib/gcc/avr/4.7.2/../../../../avr/lib/avrxmega4/crtx64d3.o
 .text          0x00000000        0x0 BEEP_XMega.o
 .bss           0x00000000        0x0 BEEP_XMega.o
 .text          0x00000000        0x0 lib/motor_driver.o
 .bss           0x00000000        0x0 lib/motor_driver.o
 .text          0x00000000        0x0 lib/usart_driver.o
 .bss           0x00000000        0x0 lib/usart_driver.o
 .text.USART_InterruptDriver_DreInterruptLevel_Set
                0x00000000        0x6 lib/usart_driver.o
 .text.USART_NineBits_PutChar
                0x00000000       0x18 lib/usart_driver.o
 .text.USART_NineBits_GetChar
                0x00000000       0x1c lib/usart_driver.o
 .text          0x00000000        0x0 c:/program files (x86)/atmel/atmel toolchain/avr8 gcc/native/3.4.2.939/avr8-gnu-toolchain/bin/../lib/gcc/avr/4.7.2/avrxmega4\libgcc.a(_udivmodsi4.o)
 .bss           0x00000000        0x0 c:/program files (x86)/atmel/atmel toolchain/avr8 gcc/native/3.4.2.939/avr8-gnu-toolchain/bin/../lib/gcc/avr/4.7.2/avrxmega4\libgcc.a(_udivmodsi4.o)
 .text.libgcc.mul
                0x00000000        0x0 c:/program files (x86)/atmel/atmel toolchain/avr8 gcc/native/3.4.2.939/avr8-gnu-toolchain/bin/../lib/gcc/avr/4.7.2/avrxmega4\libgcc.a(_udivmodsi4.o)
 .text.libgcc   0x00000000        0x0 c:/program files (x86)/atmel/atmel toolchain/avr8 gcc/native/3.4.2.939/avr8-gnu-toolchain/bin/../lib/gcc/avr/4.7.2/avrxmega4\libgcc.a(_udivmodsi4.o)
 .text.libgcc.prologue
                0x00000000        0x0 c:/program files (x86)/atmel/atmel toolchain/avr8 gcc/native/3.4.2.939/avr8-gnu-toolchain/bin/../lib/gcc/avr/4.7.2/avrxmega4\libgcc.a(_udivmodsi4.o)
 .text.libgcc.builtins
                0x00000000        0x0 c:/program files (x86)/atmel/atmel toolchain/avr8 gcc/native/3.4.2.939/avr8-gnu-toolchain/bin/../lib/gcc/avr/4.7.2/avrxmega4\libgcc.a(_udivmodsi4.o)
 .text.libgcc.fmul
                0x00000000        0x0 c:/program files (x86)/atmel/atmel toolchain/avr8 gcc/native/3.4.2.939/avr8-gnu-toolchain/bin/../lib/gcc/avr/4.7.2/avrxmega4\libgcc.a(_udivmodsi4.o)
 .text          0x00000000        0x0 c:/program files (x86)/atmel/atmel toolchain/avr8 gcc/native/3.4.2.939/avr8-gnu-toolchain/bin/../lib/gcc/avr/4.7.2/avrxmega4\libgcc.a(_exit.o)
 .bss           0x00000000        0x0 c:/program files (x86)/atmel/atmel toolchain/avr8 gcc/native/3.4.2.939/avr8-gnu-toolchain/bin/../lib/gcc/avr/4.7.2/avrxmega4\libgcc.a(_exit.o)
 .text.libgcc.mul
                0x00000000        0x0 c:/program files (x86)/atmel/atmel toolchain/avr8 gcc/native/3.4.2.939/avr8-gnu-toolchain/bin/../lib/gcc/avr/4.7.2/avrxmega4\libgcc.a(_exit.o)
 .text.libgcc.div
                0x00000000        0x0 c:/program files (x86)/atmel/atmel toolchain/avr8 gcc/native/3.4.2.939/avr8-gnu-toolchain/bin/../lib/gcc/avr/4.7.2/avrxmega4\libgcc.a(_exit.o)
 .text.libgcc   0x00000000        0x0 c:/program files (x86)/atmel/atmel toolchain/avr8 gcc/native/3.4.2.939/avr8-gnu-toolchain/bin/../lib/gcc/avr/4.7.2/avrxmega4\libgcc.a(_exit.o)
 .text.libgcc.prologue
                0x00000000        0x0 c:/program files (x86)/atmel/atmel toolchain/avr8 gcc/native/3.4.2.939/avr8-gnu-toolchain/bin/../lib/gcc/avr/4.7.2/avrxmega4\libgcc.a(_exit.o)
 .text.libgcc.builtins
                0x00000000        0x0 c:/program files (x86)/atmel/atmel toolchain/avr8 gcc/native/3.4.2.939/avr8-gnu-toolchain/bin/../lib/gcc/avr/4.7.2/avrxmega4\libgcc.a(_exit.o)
 .text.libgcc.fmul
                0x00000000        0x0 c:/program files (x86)/atmel/atmel toolchain/avr8 gcc/native/3.4.2.939/avr8-gnu-toolchain/bin/../lib/gcc/avr/4.7.2/avrxmega4\libgcc.a(_exit.o)
 .text          0x00000000        0x0 c:/program files (x86)/atmel/atmel toolchain/avr8 gcc/native/3.4.2.939/avr8-gnu-toolchain/bin/../lib/gcc/avr/4.7.2/avrxmega4\libgcc.a(_copy_data.o)
 .bss           0x00000000        0x0 c:/program files (x86)/atmel/atmel toolchain/avr8 gcc/native/3.4.2.939/avr8-gnu-toolchain/bin/../lib/gcc/avr/4.7.2/avrxmega4\libgcc.a(_copy_data.o)
 .text.libgcc.mul
                0x00000000        0x0 c:/program files (x86)/atmel/atmel toolchain/avr8 gcc/native/3.4.2.939/avr8-gnu-toolchain/bin/../lib/gcc/avr/4.7.2/avrxmega4\libgcc.a(_copy_data.o)
 .text.libgcc.div
                0x00000000        0x0 c:/program files (x86)/atmel/atmel toolchain/avr8 gcc/native/3.4.2.939/avr8-gnu-toolchain/bin/../lib/gcc/avr/4.7.2/avrxmega4\libgcc.a(_copy_data.o)
 .text.libgcc   0x00000000        0x0 c:/program files (x86)/atmel/atmel toolchain/avr8 gcc/native/3.4.2.939/avr8-gnu-toolchain/bin/../lib/gcc/avr/4.7.2/avrxmega4\libgcc.a(_copy_data.o)
 .text.libgcc.prologue
                0x00000000        0x0 c:/program files (x86)/atmel/atmel toolchain/avr8 gcc/native/3.4.2.939/avr8-gnu-toolchain/bin/../lib/gcc/avr/4.7.2/avrxmega4\libgcc.a(_copy_data.o)
 .text.libgcc.builtins
                0x00000000        0x0 c:/program files (x86)/atmel/atmel toolchain/avr8 gcc/native/3.4.2.939/avr8-gnu-toolchain/bin/../lib/gcc/avr/4.7.2/avrxmega4\libgcc.a(_copy_data.o)
 .text.libgcc.fmul
                0x00000000        0x0 c:/program files (x86)/atmel/atmel toolchain/avr8 gcc/native/3.4.2.939/avr8-gnu-toolchain/bin/../lib/gcc/avr/4.7.2/avrxmega4\libgcc.a(_copy_data.o)
 .text          0x00000000        0x0 c:/program files (x86)/atmel/atmel toolchain/avr8 gcc/native/3.4.2.939/avr8-gnu-toolchain/bin/../lib/gcc/avr/4.7.2/avrxmega4\libgcc.a(_clear_bss.o)
 .bss           0x00000000        0x0 c:/program files (x86)/atmel/atmel toolchain/avr8 gcc/native/3.4.2.939/avr8-gnu-toolchain/bin/../lib/gcc/avr/4.7.2/avrxmega4\libgcc.a(_clear_bss.o)
 .text.libgcc.mul
                0x00000000        0x0 c:/program files (x86)/atmel/atmel toolchain/avr8 gcc/native/3.4.2.939/avr8-gnu-toolchain/bin/../lib/gcc/avr/4.7.2/avrxmega4\libgcc.a(_clear_bss.o)
 .text.libgcc.div
                0x00000000        0x0 c:/program files (x86)/atmel/atmel toolchain/avr8 gcc/native/3.4.2.939/avr8-gnu-toolchain/bin/../lib/gcc/avr/4.7.2/avrxmega4\libgcc.a(_clear_bss.o)
 .text.libgcc   0x00000000        0x0 c:/program files (x86)/atmel/atmel toolchain/avr8 gcc/native/3.4.2.939/avr8-gnu-toolchain/bin/../lib/gcc/avr/4.7.2/avrxmega4\libgcc.a(_clear_bss.o)
 .text.libgcc.prologue
                0x00000000        0x0 c:/program files (x86)/atmel/atmel toolchain/avr8 gcc/native/3.4.2.939/avr8-gnu-toolchain/bin/../lib/gcc/avr/4.7.2/avrxmega4\libgcc.a(_clear_bss.o)
 .text.libgcc.builtins
                0x00000000        0x0 c:/program files (x86)/atmel/atmel toolchain/avr8 gcc/native/3.4.2.939/avr8-gnu-toolchain/bin/../lib/gcc/avr/4.7.2/avrxmega4\libgcc.a(_clear_bss.o)
 .text.libgcc.fmul
                0x00000000        0x0 c:/program files (x86)/atmel/atmel toolchain/avr8 gcc/native/3.4.2.939/avr8-gnu-toolchain/bin/../lib/gcc/avr/4.7.2/avrxmega4\libgcc.a(_clear_bss.o)

Memory Configuration

Name             Origin             Length             Attributes
text             0x00000000         0x00100000         xr
data             0x00802000         0x0000ffa0         rw !x
eeprom           0x00810000         0x00010000         rw !x
fuse             0x00820000         0x00000400         rw !x
lock             0x00830000         0x00000400         rw !x
signature        0x00840000         0x00000400         rw !x
user_signatures  0x00850000         0x00000400         rw !x
*default*        0x00000000         0xffffffff

Linker script and memory map

LOAD c:/program files (x86)/atmel/atmel toolchain/avr8 gcc/native/3.4.2.939/avr8-gnu-toolchain/bin/../lib/gcc/avr/4.7.2/../../../../avr/lib/avrxmega4/crtx64d3.o
LOAD BEEP_XMega.o
LOAD lib/motor_driver.o
LOAD lib/usart_driver.o
START GROUP
LOAD c:/program files (x86)/atmel/atmel toolchain/avr8 gcc/native/3.4.2.939/avr8-gnu-toolchain/bin/../lib/gcc/avr/4.7.2/../../../../avr/lib/avrxmega4\libm.a
END GROUP
LOAD c:/program files (x86)/atmel/atmel toolchain/avr8 gcc/native/3.4.2.939/avr8-gnu-toolchain/bin/../lib/gcc/avr/4.7.2/avrxmega4\libgcc.a
LOAD c:/program files (x86)/atmel/atmel toolchain/avr8 gcc/native/3.4.2.939/avr8-gnu-toolchain/bin/../lib/gcc/avr/4.7.2/../../../../avr/lib/avrxmega4\libc.a
LOAD c:/program files (x86)/atmel/atmel toolchain/avr8 gcc/native/3.4.2.939/avr8-gnu-toolchain/bin/../lib/gcc/avr/4.7.2/avrxmega4\libgcc.a

.hash
 *(.hash)

.dynsym
 *(.dynsym)

.dynstr
 *(.dynstr)

.gnu.version
 *(.gnu.version)

.gnu.version_d
 *(.gnu.version_d)

.gnu.version_r
 *(.gnu.version_r)

.rel.init
 *(.rel.init)

.rela.init
 *(.rela.init)

.rel.text
 *(.rel.text)
 *(.rel.text.*)
 *(.rel.gnu.linkonce.t*)

.rela.text
 *(.rela.text)
 *(.rela.text.*)
 *(.rela.gnu.linkonce.t*)

.rel.fini
 *(.rel.fini)

.rela.fini
 *(.rela.fini)

.rel.rodata
 *(.rel.rodata)
 *(.rel.rodata.*)
 *(.rel.gnu.linkonce.r*)

.rela.rodata
 *(.rela.rodata)
 *(.rela.rodata.*)
 *(.rela.gnu.linkonce.r*)

.rel.data
 *(.rel.data)
 *(.rel.data.*)
 *(.rel.gnu.linkonce.d*)

.rela.data
 *(.rela.data)
 *(.rela.data.*)
 *(.rela.gnu.linkonce.d*)

.rel.ctors
 *(.rel.ctors)

.rela.ctors
 *(.rela.ctors)

.rel.dtors
 *(.rel.dtors)

.rela.dtors
 *(.rela.dtors)

.rel.got
 *(.rel.got)

.rela.got
 *(.rela.got)

.rel.bss
 *(.rel.bss)

.rela.bss
 *(.rela.bss)

.rel.plt
 *(.rel.plt)

.rela.plt
 *(.rela.plt)

.text           0x00000000      0xbfc
 *(.vectors)
 .vectors       0x00000000      0x1c8 c:/program files (x86)/atmel/atmel toolchain/avr8 gcc/native/3.4.2.939/avr8-gnu-toolchain/bin/../lib/gcc/avr/4.7.2/../../../../avr/lib/avrxmega4/crtx64d3.o
                0x00000000                __vector_default
                0x00000000                __vectors
 *(.vectors)
 *(.progmem.gcc*)
 *(.progmem*)
 .progmem.data.ir_led_lut
                0x000001c8        0x8 BEEP_XMega.o
                0x000001c8                ir_led_lut
 .progmem.data.rgb_led_lut
                0x000001d0        0x8 BEEP_XMega.o
                0x000001d0                rgb_led_lut
 .progmem.data.pwmtable_12
                0x000001d8      0x200 BEEP_XMega.o
                0x000001d8                pwmtable_12
                0x000003d8                . = ALIGN (0x2)
                0x000003d8                __trampolines_start = .
 *(.trampolines)
 .trampolines   0x000003d8        0x0 linker stubs
 *(.trampolines*)
                0x000003d8                __trampolines_end = .
 *(.jumptables)
 *(.jumptables*)
 *(.lowtext)
 *(.lowtext*)
                0x000003d8                __ctors_start = .
 *(.ctors)
                0x000003d8                __ctors_end = .
                0x000003d8                __dtors_start = .
 *(.dtors)
                0x000003d8                __dtors_end = .
 SORT(*)(.ctors)
 SORT(*)(.dtors)
 *(.init0)
 .init0         0x000003d8        0x0 c:/program files (x86)/atmel/atmel toolchain/avr8 gcc/native/3.4.2.939/avr8-gnu-toolchain/bin/../lib/gcc/avr/4.7.2/../../../../avr/lib/avrxmega4/crtx64d3.o
                0x000003d8                __init
 *(.init0)
 *(.init1)
 *(.init1)
 *(.init2)
 .init2         0x000003d8        0xc c:/program files (x86)/atmel/atmel toolchain/avr8 gcc/native/3.4.2.939/avr8-gnu-toolchain/bin/../lib/gcc/avr/4.7.2/../../../../avr/lib/avrxmega4/crtx64d3.o
 *(.init2)
 *(.init3)
 *(.init3)
 *(.init4)
 .init4         0x000003e4       0x1a c:/program files (x86)/atmel/atmel toolchain/avr8 gcc/native/3.4.2.939/avr8-gnu-toolchain/bin/../lib/gcc/avr/4.7.2/avrxmega4\libgcc.a(_copy_data.o)
                0x000003e4                __do_copy_data
 .init4         0x000003fe       0x10 c:/program files (x86)/atmel/atmel toolchain/avr8 gcc/native/3.4.2.939/avr8-gnu-toolchain/bin/../lib/gcc/avr/4.7.2/avrxmega4\libgcc.a(_clear_bss.o)
                0x000003fe                __do_clear_bss
 *(.init4)
 *(.init5)
 *(.init5)
 *(.init6)
 *(.init6)
 *(.init7)
 *(.init7)
 *(.init8)
 *(.init8)
 *(.init9)
 .init9         0x0000040e        0x8 c:/program files (x86)/atmel/atmel toolchain/avr8 gcc/native/3.4.2.939/avr8-gnu-toolchain/bin/../lib/gcc/avr/4.7.2/../../../../avr/lib/avrxmega4/crtx64d3.o
 *(.init9)
 *(.text)
 .text          0x00000416        0x4 c:/program files (x86)/atmel/atmel toolchain/avr8 gcc/native/3.4.2.939/avr8-gnu-toolchain/bin/../lib/gcc/avr/4.7.2/../../../../avr/lib/avrxmega4/crtx64d3.o
                0x00000416                __vector_38
                0x00000416                __vector_104
                0x00000416                __vector_22
                0x00000416                __vector_63
                0x00000416                __vector_28
                0x00000416                __vector_67
                0x00000416                __vector_1
                0x00000416                __vector_32
                0x00000416                __vector_75
                0x00000416                __vector_91
                0x00000416                __vector_34
                0x00000416                __vector_62
                0x00000416                __vector_77
                0x00000416                __vector_102
                0x00000416                __vector_24
                0x00000416                __vector_12
                0x00000416                __vector_55
                0x00000416                __vector_69
                0x00000416                __vector_81
                0x00000416                __vector_90
                0x00000416                __vector_46
                0x00000416                __bad_interrupt
                0x00000416                __vector_72
                0x00000416                __vector_6
                0x00000416                __vector_110
                0x00000416                __vector_31
                0x00000416                __vector_92
                0x00000416                __vector_35
                0x00000416                __vector_78
                0x00000416                __vector_74
                0x00000416                __vector_39
                0x00000416                __vector_107
                0x00000416                __vector_3
                0x00000416                __vector_105
                0x00000416                __vector_98
                0x00000416                __vector_23
                0x00000416                __vector_68
                0x00000416                __vector_30
                0x00000416                __vector_73
                0x00000416                __vector_45
                0x00000416                __vector_25
                0x00000416                __vector_93
                0x00000416                __vector_61
                0x00000416                __vector_11
                0x00000416                __vector_54
                0x00000416                __vector_99
                0x00000416                __vector_13
                0x00000416                __vector_17
                0x00000416                __vector_19
                0x00000416                __vector_56
                0x00000416                __vector_7
                0x00000416                __vector_49
                0x00000416                __vector_41
                0x00000416                __vector_86
                0x00000416                __vector_100
                0x00000416                __vector_101
                0x00000416                __vector_64
                0x00000416                __vector_109
                0x00000416                __vector_43
                0x00000416                __vector_27
                0x00000416                __vector_5
                0x00000416                __vector_113
                0x00000416                __vector_33
                0x00000416                __vector_76
                0x00000416                __vector_52
                0x00000416                __vector_37
                0x00000416                __vector_95
                0x00000416                __vector_103
                0x00000416                __vector_96
                0x00000416                __vector_108
                0x00000416                __vector_4
                0x00000416                __vector_44
                0x00000416                __vector_82
                0x00000416                __vector_106
                0x00000416                __vector_51
                0x00000416                __vector_9
                0x00000416                __vector_2
                0x00000416                __vector_21
                0x00000416                __vector_15
                0x00000416                __vector_66
                0x00000416                __vector_36
                0x00000416                __vector_79
                0x00000416                __vector_58
                0x00000416                __vector_70
                0x00000416                __vector_83
                0x00000416                __vector_29
                0x00000416                __vector_60
                0x00000416                __vector_40
                0x00000416                __vector_85
                0x00000416                __vector_94
                0x00000416                __vector_8
                0x00000416                __vector_26
                0x00000416                __vector_48
                0x00000416                __vector_112
                0x00000416                __vector_111
                0x00000416                __vector_80
                0x00000416                __vector_14
                0x00000416                __vector_84
                0x00000416                __vector_57
                0x00000416                __vector_53
                0x00000416                __vector_10
                0x00000416                __vector_50
                0x00000416                __vector_16
                0x00000416                __vector_59
                0x00000416                __vector_18
                0x00000416                __vector_97
                0x00000416                __vector_20
                0x00000416                __vector_42
                0x00000416                __vector_87
                0x00000416                __vector_65
                0x0000041a                . = ALIGN (0x2)
 *(.text.*)
 .text.init_enable_32mhz
                0x0000041a       0x26 BEEP_XMega.o
                0x0000041a                init_enable_32mhz
 .text.init_usart
                0x00000440       0xa2 BEEP_XMega.o
                0x00000440                init_usart
 .text.init_adc
                0x000004e2       0x16 BEEP_XMega.o
                0x000004e2                init_adc
 .text.start_adc
                0x000004f8       0x16 BEEP_XMega.o
                0x000004f8                start_adc
 .text.set_beepmotor_speed
                0x0000050e       0x52 BEEP_XMega.o
                0x0000050e                set_beepmotor_speed
 .text.main     0x00000560      0x2a4 BEEP_XMega.o
                0x00000560                main
 .text.__vector_88
                0x00000804       0x54 BEEP_XMega.o
                0x00000804                __vector_88
 .text.__vector_89
                0x00000858       0x54 BEEP_XMega.o
                0x00000858                __vector_89
 .text.__vector_71
                0x000008ac       0x94 BEEP_XMega.o
                0x000008ac                __vector_71
 .text.__vector_47
                0x00000940       0xfc BEEP_XMega.o
                0x00000940                __vector_47
 .text.set_motor_operation_mode
                0x00000a3c       0x28 lib/motor_driver.o
                0x00000a3c                set_motor_operation_mode
 .text.init_motor
                0x00000a64       0x2e lib/motor_driver.o
                0x00000a64                init_motor
 .text.set_motor_speed
                0x00000a92       0x26 lib/motor_driver.o
                0x00000a92                set_motor_speed
 .text.set_motor_on
                0x00000ab8       0x18 lib/motor_driver.o
                0x00000ab8                set_motor_on
 .text.USART_InterruptDriver_Initialize
                0x00000ad0       0x12 lib/usart_driver.o
                0x00000ad0                USART_InterruptDriver_Initialize
 .text.USART_TXBuffer_FreeSpace
                0x00000ae2       0x14 lib/usart_driver.o
                0x00000ae2                USART_TXBuffer_FreeSpace
 .text.USART_TXBuffer_PutByte
                0x00000af6       0x38 lib/usart_driver.o
                0x00000af6                USART_TXBuffer_PutByte
 .text.USART_RXBufferData_Available
                0x00000b2e       0x10 lib/usart_driver.o
                0x00000b2e                USART_RXBufferData_Available
 .text.USART_RXBuffer_GetByte
                0x00000b3e       0x18 lib/usart_driver.o
                0x00000b3e                USART_RXBuffer_GetByte
 .text.USART_RXComplete
                0x00000b56       0x2a lib/usart_driver.o
                0x00000b56                USART_RXComplete
 .text.USART_DataRegEmpty
                0x00000b80       0x34 lib/usart_driver.o
                0x00000b80                USART_DataRegEmpty
 .text.libgcc.div
                0x00000bb4       0x44 c:/program files (x86)/atmel/atmel toolchain/avr8 gcc/native/3.4.2.939/avr8-gnu-toolchain/bin/../lib/gcc/avr/4.7.2/avrxmega4\libgcc.a(_udivmodsi4.o)
                0x00000bb4                __udivmodsi4
                0x00000bf8                . = ALIGN (0x2)
 *(.fini9)
 .fini9         0x00000bf8        0x0 c:/program files (x86)/atmel/atmel toolchain/avr8 gcc/native/3.4.2.939/avr8-gnu-toolchain/bin/../lib/gcc/avr/4.7.2/avrxmega4\libgcc.a(_exit.o)
                0x00000bf8                _exit
                0x00000bf8                exit
 *(.fini9)
 *(.fini8)
 *(.fini8)
 *(.fini7)
 *(.fini7)
 *(.fini6)
 *(.fini6)
 *(.fini5)
 *(.fini5)
 *(.fini4)
 *(.fini4)
 *(.fini3)
 *(.fini3)
 *(.fini2)
 *(.fini2)
 *(.fini1)
 *(.fini1)
 *(.fini0)
 .fini0         0x00000bf8        0x4 c:/program files (x86)/atmel/atmel toolchain/avr8 gcc/native/3.4.2.939/avr8-gnu-toolchain/bin/../lib/gcc/avr/4.7.2/avrxmega4\libgcc.a(_exit.o)
 *(.fini0)
                0x00000bfc                _etext = .

.data           0x00802000        0x6 load address 0x00000bfc
                0x00802000                PROVIDE (__data_start, .)
 *(.data)
 .data          0x00802000        0x0 c:/program files (x86)/atmel/atmel toolchain/avr8 gcc/native/3.4.2.939/avr8-gnu-toolchain/bin/../lib/gcc/avr/4.7.2/../../../../avr/lib/avrxmega4/crtx64d3.o
 .data          0x00802000        0x0 BEEP_XMega.o
 .data          0x00802000        0x0 lib/motor_driver.o
 .data          0x00802000        0x0 lib/usart_driver.o
 .data          0x00802000        0x0 c:/program files (x86)/atmel/atmel toolchain/avr8 gcc/native/3.4.2.939/avr8-gnu-toolchain/bin/../lib/gcc/avr/4.7.2/avrxmega4\libgcc.a(_udivmodsi4.o)
 .data          0x00802000        0x0 c:/program files (x86)/atmel/atmel toolchain/avr8 gcc/native/3.4.2.939/avr8-gnu-toolchain/bin/../lib/gcc/avr/4.7.2/avrxmega4\libgcc.a(_exit.o)
 .data          0x00802000        0x0 c:/program files (x86)/atmel/atmel toolchain/avr8 gcc/native/3.4.2.939/avr8-gnu-toolchain/bin/../lib/gcc/avr/4.7.2/avrxmega4\libgcc.a(_copy_data.o)
 .data          0x00802000        0x0 c:/program files (x86)/atmel/atmel toolchain/avr8 gcc/native/3.4.2.939/avr8-gnu-toolchain/bin/../lib/gcc/avr/4.7.2/avrxmega4\libgcc.a(_clear_bss.o)
 *(.data*)
 .data.direct_send_adc_res
                0x00802000        0x1 BEEP_XMega.o
                0x00802000                direct_send_adc_res
 .data.baudrate
                0x00802001        0x4 BEEP_XMega.o
                0x00802001                baudrate
 *(.rodata)
 *(.rodata*)
 *(.gnu.linkonce.d*)
                0x00802006                . = ALIGN (0x2)
 *fill*         0x00802005        0x1 
                0x00802006                _edata = .
                0x00802006                PROVIDE (__data_end, .)

.bss            0x00802006       0x33
                0x00802006                PROVIDE (__bss_start, .)
 *(.bss)
 *(.bss*)
 .bss.conv_left
                0x00802006        0x1 BEEP_XMega.o
                0x00802006                conv_left
 .bss.led_multiplex_counter.3442
                0x00802007        0x1 BEEP_XMega.o
 .bss.led.3443  0x00802008        0x1 BEEP_XMega.o
 *(COMMON)
 COMMON         0x00802009       0x30 BEEP_XMega.o
                0x00802009                myColors
                0x00802021                adc_channel
                0x00802022                ir_data
                0x0080202a                USART_data
                0x00802039                PROVIDE (__bss_end, .)
                0x00000bfc                __data_load_start = LOADADDR (.data)
                0x00000c02                __data_load_end = (__data_load_start + SIZEOF (.data))

.noinit         0x00802039        0x0
                0x00802039                PROVIDE (__noinit_start, .)
 *(.noinit*)
                0x00802039                PROVIDE (__noinit_end, .)
                0x00802039                _end = .
                0x00802039                PROVIDE (__heap_start, .)

.eeprom         0x00810000        0x0
 *(.eeprom*)
                0x00810000                __eeprom_end = .

.fuse
 *(.fuse)
 *(.lfuse)
 *(.hfuse)
 *(.efuse)

.lock
 *(.lock*)

.signature
 *(.signature*)

.user_signatures
 *(.user_signatures*)

.stab           0x00000000      0x6cc
 *(.stab)
 .stab          0x00000000      0x6cc c:/program files (x86)/atmel/atmel toolchain/avr8 gcc/native/3.4.2.939/avr8-gnu-toolchain/bin/../lib/gcc/avr/4.7.2/../../../../avr/lib/avrxmega4/crtx64d3.o

.stabstr        0x00000000       0x97
 *(.stabstr)
 .stabstr       0x00000000       0x97 c:/program files (x86)/atmel/atmel toolchain/avr8 gcc/native/3.4.2.939/avr8-gnu-toolchain/bin/../lib/gcc/avr/4.7.2/../../../../avr/lib/avrxmega4/crtx64d3.o

.stab.excl
 *(.stab.excl)

.stab.exclstr
 *(.stab.exclstr)

.stab.index
 *(.stab.index)

.stab.indexstr
 *(.stab.indexstr)

.comment        0x00000000       0x2f
 *(.comment)
 .comment       0x00000000       0x2f BEEP_XMega.o
                                 0x30 (size before relaxing)
 .comment       0x00000000       0x30 lib/motor_driver.o
 .comment       0x00000000       0x30 lib/usart_driver.o

.debug
 *(.debug)

.line
 *(.line)

.debug_srcinfo
 *(.debug_srcinfo)

.debug_sfnames
 *(.debug_sfnames)

.debug_aranges  0x00000000      0x108
 *(.debug_aranges)
 .debug_aranges
                0x00000000       0x68 BEEP_XMega.o
 .debug_aranges
                0x00000068       0x38 lib/motor_driver.o
 .debug_aranges
                0x000000a0       0x68 lib/usart_driver.o

.debug_pubnames
 *(.debug_pubnames)

.debug_info     0x00000000     0x289c
 *(.debug_info)
 .debug_info    0x00000000     0x1989 BEEP_XMega.o
 .debug_info    0x00001989      0x98d lib/motor_driver.o
 .debug_info    0x00002316      0x586 lib/usart_driver.o
 *(.gnu.linkonce.wi.*)

.debug_abbrev   0x00000000      0x725
 *(.debug_abbrev)
 .debug_abbrev  0x00000000      0x3cf BEEP_XMega.o
 .debug_abbrev  0x000003cf      0x153 lib/motor_driver.o
 .debug_abbrev  0x00000522      0x203 lib/usart_driver.o

.debug_line     0x00000000      0x7e7
 *(.debug_line)
 .debug_line    0x00000000      0x3db BEEP_XMega.o
 .debug_line    0x000003db      0x1bf lib/motor_driver.o
 .debug_line    0x0000059a      0x24d lib/usart_driver.o

.debug_frame    0x00000000      0x310
 *(.debug_frame)
 .debug_frame   0x00000000      0x1f8 BEEP_XMega.o
 .debug_frame   0x000001f8       0x54 lib/motor_driver.o
 .debug_frame   0x0000024c       0xc4 lib/usart_driver.o

.debug_str      0x00000000     0x12c0
 *(.debug_str)
 .debug_str     0x00000000     0x11c1 BEEP_XMega.o
                               0x125d (size before relaxing)
 .debug_str     0x000011c1       0x16 lib/motor_driver.o
                                0x6df (size before relaxing)
 .debug_str     0x000011d7       0xe9 lib/usart_driver.o
                                0x3c1 (size before relaxing)

.debug_loc      0x00000000      0xeb1
 *(.debug_loc)
 .debug_loc     0x00000000      0xa8a BEEP_XMega.o
 .debug_loc     0x00000a8a       0x58 lib/motor_driver.o
 .debug_loc     0x00000ae2      0x3cf lib/usart_driver.o

.debug_macinfo
 *(.debug_macinfo)

.debug_pubtypes
 *(.debug_pubtypes)

.debug_ranges   0x00000000      0x120
 *(.debug_ranges)
 .debug_ranges  0x00000000       0xa0 BEEP_XMega.o
 .debug_ranges  0x000000a0       0x28 lib/motor_driver.o
 .debug_ranges  0x000000c8       0x58 lib/usart_driver.o

.debug_macro
 *(.debug_macro)
OUTPUT(BEEP_XMega.elf elf32-avr)
LOAD linker stubs
