Archive member included because of file (symbol)

c:/program files (x86)/atmel/atmel toolchain/avr8 gcc/native/3.4.2.1002/avr8-gnu-toolchain/bin/../lib/gcc/avr/4.7.2/avrxmega4\libgcc.a(_exit.o)
                              c:/program files (x86)/atmel/atmel toolchain/avr8 gcc/native/3.4.2.1002/avr8-gnu-toolchain/bin/../lib/gcc/avr/4.7.2/../../../../avr/lib/avrxmega4/crtx64d3.o (exit)
c:/program files (x86)/atmel/atmel toolchain/avr8 gcc/native/3.4.2.1002/avr8-gnu-toolchain/bin/../lib/gcc/avr/4.7.2/avrxmega4\libgcc.a(_clear_bss.o)
                              BEEP_XMega.o (__do_clear_bss)

Allocating common symbols
Common symbol       size              file

myColors            0x18              BEEP_XMega.o
USART_data          0x1f              BEEP_XMega.o
adc_task            0x1               lib/ir_driver.o
ir_data_buffer      0x9               lib/ir_driver.o
last_adc            0x2               lib/ir_driver.o
cur_ir_led          0x1               lib/ir_driver.o

Discarded input sections

 .bss           0x00000000        0x0 c:/program files (x86)/atmel/atmel toolchain/avr8 gcc/native/3.4.2.1002/avr8-gnu-toolchain/bin/../lib/gcc/avr/4.7.2/../../../../avr/lib/avrxmega4/crtx64d3.o
 .text          0x00000000        0x0 BEEP_XMega.o
 .bss           0x00000000        0x0 BEEP_XMega.o
 .text.enable_rgb_leds
                0x00000000       0x20 BEEP_XMega.o
 .text          0x00000000        0x0 lib/ir_driver.o
 .bss           0x00000000        0x0 lib/ir_driver.o
 .text.init_ir_led
                0x00000000        0xa lib/ir_driver.o
 .text          0x00000000        0x0 lib/motor_driver.o
 .bss           0x00000000        0x0 lib/motor_driver.o
 .text          0x00000000        0x0 lib/usart_driver.o
 .bss           0x00000000        0x0 lib/usart_driver.o
 .text.USART_InterruptDriver_DreInterruptLevel_Set
                0x00000000        0x6 lib/usart_driver.o
 .text.USART_NineBits_PutChar
                0x00000000       0x14 lib/usart_driver.o
 .text.USART_NineBits_GetChar
                0x00000000       0x10 lib/usart_driver.o
 .text          0x00000000        0x0 lib/xmega_freq_cntr.o
 .bss           0x00000000        0x0 lib/xmega_freq_cntr.o
 .text.xmega_freq_cntr_start_meas
                0x00000000       0x4c lib/xmega_freq_cntr.o
 .text.xmega_get_result
                0x00000000        0xa lib/xmega_freq_cntr.o
 .text.xmega_freq_cntr_clr_result
                0x00000000        0xa lib/xmega_freq_cntr.o
 .text          0x00000000        0x0 c:/program files (x86)/atmel/atmel toolchain/avr8 gcc/native/3.4.2.1002/avr8-gnu-toolchain/bin/../lib/gcc/avr/4.7.2/avrxmega4\libgcc.a(_exit.o)
 .bss           0x00000000        0x0 c:/program files (x86)/atmel/atmel toolchain/avr8 gcc/native/3.4.2.1002/avr8-gnu-toolchain/bin/../lib/gcc/avr/4.7.2/avrxmega4\libgcc.a(_exit.o)
 .text.libgcc.mul
                0x00000000        0x0 c:/program files (x86)/atmel/atmel toolchain/avr8 gcc/native/3.4.2.1002/avr8-gnu-toolchain/bin/../lib/gcc/avr/4.7.2/avrxmega4\libgcc.a(_exit.o)
 .text.libgcc.div
                0x00000000        0x0 c:/program files (x86)/atmel/atmel toolchain/avr8 gcc/native/3.4.2.1002/avr8-gnu-toolchain/bin/../lib/gcc/avr/4.7.2/avrxmega4\libgcc.a(_exit.o)
 .text.libgcc   0x00000000        0x0 c:/program files (x86)/atmel/atmel toolchain/avr8 gcc/native/3.4.2.1002/avr8-gnu-toolchain/bin/../lib/gcc/avr/4.7.2/avrxmega4\libgcc.a(_exit.o)
 .text.libgcc.prologue
                0x00000000        0x0 c:/program files (x86)/atmel/atmel toolchain/avr8 gcc/native/3.4.2.1002/avr8-gnu-toolchain/bin/../lib/gcc/avr/4.7.2/avrxmega4\libgcc.a(_exit.o)
 .text.libgcc.builtins
                0x00000000        0x0 c:/program files (x86)/atmel/atmel toolchain/avr8 gcc/native/3.4.2.1002/avr8-gnu-toolchain/bin/../lib/gcc/avr/4.7.2/avrxmega4\libgcc.a(_exit.o)
 .text.libgcc.fmul
                0x00000000        0x0 c:/program files (x86)/atmel/atmel toolchain/avr8 gcc/native/3.4.2.1002/avr8-gnu-toolchain/bin/../lib/gcc/avr/4.7.2/avrxmega4\libgcc.a(_exit.o)
 .text          0x00000000        0x0 c:/program files (x86)/atmel/atmel toolchain/avr8 gcc/native/3.4.2.1002/avr8-gnu-toolchain/bin/../lib/gcc/avr/4.7.2/avrxmega4\libgcc.a(_clear_bss.o)
 .bss           0x00000000        0x0 c:/program files (x86)/atmel/atmel toolchain/avr8 gcc/native/3.4.2.1002/avr8-gnu-toolchain/bin/../lib/gcc/avr/4.7.2/avrxmega4\libgcc.a(_clear_bss.o)
 .text.libgcc.mul
                0x00000000        0x0 c:/program files (x86)/atmel/atmel toolchain/avr8 gcc/native/3.4.2.1002/avr8-gnu-toolchain/bin/../lib/gcc/avr/4.7.2/avrxmega4\libgcc.a(_clear_bss.o)
 .text.libgcc.div
                0x00000000        0x0 c:/program files (x86)/atmel/atmel toolchain/avr8 gcc/native/3.4.2.1002/avr8-gnu-toolchain/bin/../lib/gcc/avr/4.7.2/avrxmega4\libgcc.a(_clear_bss.o)
 .text.libgcc   0x00000000        0x0 c:/program files (x86)/atmel/atmel toolchain/avr8 gcc/native/3.4.2.1002/avr8-gnu-toolchain/bin/../lib/gcc/avr/4.7.2/avrxmega4\libgcc.a(_clear_bss.o)
 .text.libgcc.prologue
                0x00000000        0x0 c:/program files (x86)/atmel/atmel toolchain/avr8 gcc/native/3.4.2.1002/avr8-gnu-toolchain/bin/../lib/gcc/avr/4.7.2/avrxmega4\libgcc.a(_clear_bss.o)
 .text.libgcc.builtins
                0x00000000        0x0 c:/program files (x86)/atmel/atmel toolchain/avr8 gcc/native/3.4.2.1002/avr8-gnu-toolchain/bin/../lib/gcc/avr/4.7.2/avrxmega4\libgcc.a(_clear_bss.o)
 .text.libgcc.fmul
                0x00000000        0x0 c:/program files (x86)/atmel/atmel toolchain/avr8 gcc/native/3.4.2.1002/avr8-gnu-toolchain/bin/../lib/gcc/avr/4.7.2/avrxmega4\libgcc.a(_clear_bss.o)

Memory Configuration

Name             Origin             Length             Attributes
text             0x00000000         0x00100000         xr
data             0x00802000         0x0000ffa0         rw !x
eeprom           0x00810000         0x00010000         rw !x
fuse             0x00820000         0x00000400         rw !x
lock             0x00830000         0x00000400         rw !x
signature        0x00840000         0x00000400         rw !x
user_signatures  0x00850000         0x00000400         rw !x
*default*        0x00000000         0xffffffff

Linker script and memory map

LOAD c:/program files (x86)/atmel/atmel toolchain/avr8 gcc/native/3.4.2.1002/avr8-gnu-toolchain/bin/../lib/gcc/avr/4.7.2/../../../../avr/lib/avrxmega4/crtx64d3.o
LOAD BEEP_XMega.o
LOAD lib/ir_driver.o
LOAD lib/motor_driver.o
LOAD lib/usart_driver.o
LOAD lib/xmega_freq_cntr.o
START GROUP
LOAD c:/program files (x86)/atmel/atmel toolchain/avr8 gcc/native/3.4.2.1002/avr8-gnu-toolchain/bin/../lib/gcc/avr/4.7.2/../../../../avr/lib/avrxmega4\libm.a
END GROUP
LOAD c:/program files (x86)/atmel/atmel toolchain/avr8 gcc/native/3.4.2.1002/avr8-gnu-toolchain/bin/../lib/gcc/avr/4.7.2/avrxmega4\libgcc.a
LOAD c:/program files (x86)/atmel/atmel toolchain/avr8 gcc/native/3.4.2.1002/avr8-gnu-toolchain/bin/../lib/gcc/avr/4.7.2/../../../../avr/lib/avrxmega4\libc.a
LOAD c:/program files (x86)/atmel/atmel toolchain/avr8 gcc/native/3.4.2.1002/avr8-gnu-toolchain/bin/../lib/gcc/avr/4.7.2/avrxmega4\libgcc.a

.hash
 *(.hash)

.dynsym
 *(.dynsym)

.dynstr
 *(.dynstr)

.gnu.version
 *(.gnu.version)

.gnu.version_d
 *(.gnu.version_d)

.gnu.version_r
 *(.gnu.version_r)

.rel.init
 *(.rel.init)

.rela.init
 *(.rela.init)

.rel.text
 *(.rel.text)
 *(.rel.text.*)
 *(.rel.gnu.linkonce.t*)

.rela.text
 *(.rela.text)
 *(.rela.text.*)
 *(.rela.gnu.linkonce.t*)

.rel.fini
 *(.rel.fini)

.rela.fini
 *(.rela.fini)

.rel.rodata
 *(.rel.rodata)
 *(.rel.rodata.*)
 *(.rel.gnu.linkonce.r*)

.rela.rodata
 *(.rela.rodata)
 *(.rela.rodata.*)
 *(.rela.gnu.linkonce.r*)

.rel.data
 *(.rel.data)
 *(.rel.data.*)
 *(.rel.gnu.linkonce.d*)

.rela.data
 *(.rela.data)
 *(.rela.data.*)
 *(.rela.gnu.linkonce.d*)

.rel.ctors
 *(.rel.ctors)

.rela.ctors
 *(.rela.ctors)

.rel.dtors
 *(.rel.dtors)

.rela.dtors
 *(.rela.dtors)

.rel.got
 *(.rel.got)

.rela.got
 *(.rela.got)

.rel.bss
 *(.rel.bss)

.rela.bss
 *(.rela.bss)

.rel.plt
 *(.rel.plt)

.rela.plt
 *(.rela.plt)

.text           0x00000000     0x1656
 *(.vectors)
 .vectors       0x00000000      0x1c8 c:/program files (x86)/atmel/atmel toolchain/avr8 gcc/native/3.4.2.1002/avr8-gnu-toolchain/bin/../lib/gcc/avr/4.7.2/../../../../avr/lib/avrxmega4/crtx64d3.o
                0x00000000                __vector_default
                0x00000000                __vectors
 *(.vectors)
 *(.progmem.gcc*)
 *(.progmem*)
 .progmem.data.rgb_led_lut
                0x000001c8        0x8 BEEP_XMega.o
                0x000001c8                rgb_led_lut
 .progmem.data  0x000001d0       0x18 BEEP_XMega.o
                0x000001d0                PWM_green_ENABLE_gc_lut
                0x000001d8                PWM_blue_ENABLE_gc_lut
                0x000001e0                PWM_red_ENABLE_gc_lut
 .progmem.data.green_channel_lut
                0x000001e8       0x10 BEEP_XMega.o
                0x000001e8                green_channel_lut
 .progmem.data.blue_channel_lut
                0x000001f8       0x10 BEEP_XMega.o
                0x000001f8                blue_channel_lut
 .progmem.data.red_channel_lut
                0x00000208       0x10 BEEP_XMega.o
                0x00000208                red_channel_lut
 .progmem.data.pwmtable_12
                0x00000218      0x200 BEEP_XMega.o
                0x00000218                pwmtable_12
 .progmem.data.ir_led_lut
                0x00000418        0x8 lib/ir_driver.o
                0x00000418                ir_led_lut
 .progmem.data.scaleIRTable
                0x00000420      0x800 lib/ir_driver.o
                0x00000420                scaleIRTable
                0x00000c20                . = ALIGN (0x2)
                0x00000c20                __trampolines_start = .
 *(.trampolines)
 .trampolines   0x00000c20        0x0 linker stubs
 *(.trampolines*)
                0x00000c20                __trampolines_end = .
 *(.jumptables)
 *(.jumptables*)
 *(.lowtext)
 *(.lowtext*)
                0x00000c20                __ctors_start = .
 *(.ctors)
                0x00000c20                __ctors_end = .
                0x00000c20                __dtors_start = .
 *(.dtors)
                0x00000c20                __dtors_end = .
 SORT(*)(.ctors)
 SORT(*)(.dtors)
 *(.init0)
 .init0         0x00000c20        0x0 c:/program files (x86)/atmel/atmel toolchain/avr8 gcc/native/3.4.2.1002/avr8-gnu-toolchain/bin/../lib/gcc/avr/4.7.2/../../../../avr/lib/avrxmega4/crtx64d3.o
                0x00000c20                __init
 *(.init0)
 *(.init1)
 *(.init1)
 *(.init2)
 .init2         0x00000c20        0xc c:/program files (x86)/atmel/atmel toolchain/avr8 gcc/native/3.4.2.1002/avr8-gnu-toolchain/bin/../lib/gcc/avr/4.7.2/../../../../avr/lib/avrxmega4/crtx64d3.o
 *(.init2)
 *(.init3)
 *(.init3)
 *(.init4)
 .init4         0x00000c2c       0x10 c:/program files (x86)/atmel/atmel toolchain/avr8 gcc/native/3.4.2.1002/avr8-gnu-toolchain/bin/../lib/gcc/avr/4.7.2/avrxmega4\libgcc.a(_clear_bss.o)
                0x00000c2c                __do_clear_bss
 *(.init4)
 *(.init5)
 *(.init5)
 *(.init6)
 *(.init6)
 *(.init7)
 *(.init7)
 *(.init8)
 *(.init8)
 *(.init9)
 .init9         0x00000c3c        0x8 c:/program files (x86)/atmel/atmel toolchain/avr8 gcc/native/3.4.2.1002/avr8-gnu-toolchain/bin/../lib/gcc/avr/4.7.2/../../../../avr/lib/avrxmega4/crtx64d3.o
 *(.init9)
 *(.text)
 .text          0x00000c44        0x4 c:/program files (x86)/atmel/atmel toolchain/avr8 gcc/native/3.4.2.1002/avr8-gnu-toolchain/bin/../lib/gcc/avr/4.7.2/../../../../avr/lib/avrxmega4/crtx64d3.o
                0x00000c44                __vector_38
                0x00000c44                __vector_104
                0x00000c44                __vector_22
                0x00000c44                __vector_63
                0x00000c44                __vector_28
                0x00000c44                __vector_67
                0x00000c44                __vector_1
                0x00000c44                __vector_32
                0x00000c44                __vector_75
                0x00000c44                __vector_91
                0x00000c44                __vector_34
                0x00000c44                __vector_62
                0x00000c44                __vector_102
                0x00000c44                __vector_24
                0x00000c44                __vector_12
                0x00000c44                __vector_55
                0x00000c44                __vector_69
                0x00000c44                __vector_81
                0x00000c44                __vector_90
                0x00000c44                __vector_46
                0x00000c44                __bad_interrupt
                0x00000c44                __vector_72
                0x00000c44                __vector_6
                0x00000c44                __vector_110
                0x00000c44                __vector_31
                0x00000c44                __vector_92
                0x00000c44                __vector_35
                0x00000c44                __vector_78
                0x00000c44                __vector_74
                0x00000c44                __vector_39
                0x00000c44                __vector_107
                0x00000c44                __vector_3
                0x00000c44                __vector_105
                0x00000c44                __vector_98
                0x00000c44                __vector_23
                0x00000c44                __vector_68
                0x00000c44                __vector_30
                0x00000c44                __vector_73
                0x00000c44                __vector_45
                0x00000c44                __vector_25
                0x00000c44                __vector_93
                0x00000c44                __vector_61
                0x00000c44                __vector_11
                0x00000c44                __vector_54
                0x00000c44                __vector_99
                0x00000c44                __vector_13
                0x00000c44                __vector_17
                0x00000c44                __vector_19
                0x00000c44                __vector_56
                0x00000c44                __vector_7
                0x00000c44                __vector_49
                0x00000c44                __vector_41
                0x00000c44                __vector_86
                0x00000c44                __vector_100
                0x00000c44                __vector_101
                0x00000c44                __vector_64
                0x00000c44                __vector_109
                0x00000c44                __vector_43
                0x00000c44                __vector_27
                0x00000c44                __vector_5
                0x00000c44                __vector_113
                0x00000c44                __vector_33
                0x00000c44                __vector_76
                0x00000c44                __vector_52
                0x00000c44                __vector_37
                0x00000c44                __vector_95
                0x00000c44                __vector_103
                0x00000c44                __vector_96
                0x00000c44                __vector_108
                0x00000c44                __vector_4
                0x00000c44                __vector_44
                0x00000c44                __vector_82
                0x00000c44                __vector_106
                0x00000c44                __vector_51
                0x00000c44                __vector_9
                0x00000c44                __vector_2
                0x00000c44                __vector_21
                0x00000c44                __vector_15
                0x00000c44                __vector_66
                0x00000c44                __vector_36
                0x00000c44                __vector_79
                0x00000c44                __vector_58
                0x00000c44                __vector_70
                0x00000c44                __vector_83
                0x00000c44                __vector_29
                0x00000c44                __vector_60
                0x00000c44                __vector_40
                0x00000c44                __vector_85
                0x00000c44                __vector_94
                0x00000c44                __vector_8
                0x00000c44                __vector_26
                0x00000c44                __vector_48
                0x00000c44                __vector_112
                0x00000c44                __vector_111
                0x00000c44                __vector_80
                0x00000c44                __vector_14
                0x00000c44                __vector_84
                0x00000c44                __vector_57
                0x00000c44                __vector_53
                0x00000c44                __vector_10
                0x00000c44                __vector_50
                0x00000c44                __vector_16
                0x00000c44                __vector_59
                0x00000c44                __vector_18
                0x00000c44                __vector_97
                0x00000c44                __vector_20
                0x00000c44                __vector_42
                0x00000c44                __vector_87
                0x00000c44                __vector_65
                0x00000c48                . = ALIGN (0x2)
 *(.text.*)
 .text.init_enable_32mhz
                0x00000c48       0x28 BEEP_XMega.o
                0x00000c48                init_enable_32mhz
 .text.init_usart
                0x00000c70       0x4c BEEP_XMega.o
                0x00000c70                init_usart
 .text.init_rgb_led
                0x00000cbc       0x26 BEEP_XMega.o
                0x00000cbc                init_rgb_led
 .text.set_beepmotor_speed
                0x00000ce2       0x46 BEEP_XMega.o
                0x00000ce2                set_beepmotor_speed
 .text.startup.main
                0x00000d28      0x238 BEEP_XMega.o
                0x00000d28                main
 .text.__vector_88
                0x00000f60       0x54 BEEP_XMega.o
                0x00000f60                __vector_88
 .text.__vector_89
                0x00000fb4       0x54 BEEP_XMega.o
                0x00000fb4                __vector_89
 .text.__vector_71
                0x00001008       0x50 BEEP_XMega.o
                0x00001008                __vector_71
 .text.__vector_47
                0x00001058      0x1c6 BEEP_XMega.o
                0x00001058                __vector_47
 .text.init_adc
                0x0000121e       0x16 lib/ir_driver.o
                0x0000121e                init_adc
 .text.init_ir_driver
                0x00001234        0xe lib/ir_driver.o
                0x00001234                init_ir_driver
 .text.start_adc
                0x00001242       0x16 lib/ir_driver.o
                0x00001242                start_adc
 .text.ir_led_enable
                0x00001258       0x1e lib/ir_driver.o
                0x00001258                ir_led_enable
 .text.measure_ir_distance
                0x00001276       0x1a lib/ir_driver.o
                0x00001276                measure_ir_distance
 .text.measure_ir_distances
                0x00001290       0x80 lib/ir_driver.o
                0x00001290                measure_ir_distances
 .text.ir_driver_is_measuring
                0x00001310        0xe lib/ir_driver.o
                0x00001310                ir_driver_is_measuring
 .text.ISR_adc_ir_driver
                0x0000131e      0x12e lib/ir_driver.o
                0x0000131e                ISR_adc_ir_driver
 .text.set_motor_operation_mode
                0x0000144c       0x22 lib/motor_driver.o
                0x0000144c                set_motor_operation_mode
 .text.init_motor
                0x0000146e       0x2e lib/motor_driver.o
                0x0000146e                init_motor
 .text.set_motor_speed
                0x0000149c       0x26 lib/motor_driver.o
                0x0000149c                set_motor_speed
 .text.set_motor_on
                0x000014c2       0x14 lib/motor_driver.o
                0x000014c2                set_motor_on
 .text.USART_InterruptDriver_Initialize
                0x000014d6       0x12 lib/usart_driver.o
                0x000014d6                USART_InterruptDriver_Initialize
 .text.USART_TXBuffer_FreeSpace
                0x000014e8       0x14 lib/usart_driver.o
                0x000014e8                USART_TXBuffer_FreeSpace
 .text.USART_TXBuffer_PutByte
                0x000014fc       0x52 lib/usart_driver.o
                0x000014fc                USART_TXBuffer_PutByte
 .text.USART_RXBufferData_Available
                0x0000154e       0x10 lib/usart_driver.o
                0x0000154e                USART_RXBufferData_Available
 .text.USART_RXBuffer_GetByte
                0x0000155e       0x18 lib/usart_driver.o
                0x0000155e                USART_RXBuffer_GetByte
 .text.USART_RXComplete
                0x00001576       0x2a lib/usart_driver.o
                0x00001576                USART_RXComplete
 .text.USART_DataRegEmpty
                0x000015a0       0x3a lib/usart_driver.o
                0x000015a0                USART_DataRegEmpty
 .text.xmega_tcca_clk_freq_sel
                0x000015da        0x6 lib/xmega_freq_cntr.o
                0x000015da                xmega_tcca_clk_freq_sel
 .text.xmega_freq_cntr_init
                0x000015e0       0x1e lib/xmega_freq_cntr.o
                0x000015e0                xmega_freq_cntr_init
 .text.__vector_77
                0x000015fe       0x54 lib/xmega_freq_cntr.o
                0x000015fe                __vector_77
                0x00001652                . = ALIGN (0x2)
 *(.fini9)
 .fini9         0x00001652        0x0 c:/program files (x86)/atmel/atmel toolchain/avr8 gcc/native/3.4.2.1002/avr8-gnu-toolchain/bin/../lib/gcc/avr/4.7.2/avrxmega4\libgcc.a(_exit.o)
                0x00001652                _exit
                0x00001652                exit
 *(.fini9)
 *(.fini8)
 *(.fini8)
 *(.fini7)
 *(.fini7)
 *(.fini6)
 *(.fini6)
 *(.fini5)
 *(.fini5)
 *(.fini4)
 *(.fini4)
 *(.fini3)
 *(.fini3)
 *(.fini2)
 *(.fini2)
 *(.fini1)
 *(.fini1)
 *(.fini0)
 .fini0         0x00001652        0x4 c:/program files (x86)/atmel/atmel toolchain/avr8 gcc/native/3.4.2.1002/avr8-gnu-toolchain/bin/../lib/gcc/avr/4.7.2/avrxmega4\libgcc.a(_exit.o)
 *(.fini0)
                0x00001656                _etext = .

.data           0x00802000        0x0 load address 0x00001656
                0x00802000                PROVIDE (__data_start, .)
 *(.data)
 .data          0x00802000        0x0 c:/program files (x86)/atmel/atmel toolchain/avr8 gcc/native/3.4.2.1002/avr8-gnu-toolchain/bin/../lib/gcc/avr/4.7.2/../../../../avr/lib/avrxmega4/crtx64d3.o
 .data          0x00802000        0x0 BEEP_XMega.o
 .data          0x00802000        0x0 lib/ir_driver.o
 .data          0x00802000        0x0 lib/motor_driver.o
 .data          0x00802000        0x0 lib/usart_driver.o
 .data          0x00802000        0x0 lib/xmega_freq_cntr.o
 .data          0x00802000        0x0 c:/program files (x86)/atmel/atmel toolchain/avr8 gcc/native/3.4.2.1002/avr8-gnu-toolchain/bin/../lib/gcc/avr/4.7.2/avrxmega4\libgcc.a(_exit.o)
 .data          0x00802000        0x0 c:/program files (x86)/atmel/atmel toolchain/avr8 gcc/native/3.4.2.1002/avr8-gnu-toolchain/bin/../lib/gcc/avr/4.7.2/avrxmega4\libgcc.a(_clear_bss.o)
 *(.data*)
 *(.rodata)
 *(.rodata*)
 *(.gnu.linkonce.d*)
                0x00802000                . = ALIGN (0x2)
                0x00802000                _edata = .
                0x00802000                PROVIDE (__data_end, .)

.bss            0x00802000       0x4b
                0x00802000                PROVIDE (__bss_start, .)
 *(.bss)
 *(.bss*)
 .bss.led_multiplex_counter.3487
                0x00802000        0x1 BEEP_XMega.o
 .bss.led.3488  0x00802001        0x1 BEEP_XMega.o
 .bss.conv_left
                0x00802002        0x1 lib/ir_driver.o
                0x00802002                conv_left
 .bss.ir_raw_stored
                0x00802003        0x1 lib/ir_driver.o
                0x00802003                ir_raw_stored
 .bss.clk_sel   0x00802004        0x1 lib/xmega_freq_cntr.o
                0x00802004                clk_sel
 .bss.ic_result
                0x00802005        0x2 lib/xmega_freq_cntr.o
                0x00802005                ic_result
 *(COMMON)
 COMMON         0x00802007       0x37 BEEP_XMega.o
                0x00802007                myColors
                0x0080201f                USART_data
 COMMON         0x0080203e        0xd lib/ir_driver.o
                0x0080203e                adc_task
                0x0080203f                ir_data_buffer
                0x00802048                last_adc
                0x0080204a                cur_ir_led
                0x0080204b                PROVIDE (__bss_end, .)
                0x00001656                __data_load_start = LOADADDR (.data)
                0x00001656                __data_load_end = (__data_load_start + SIZEOF (.data))

.noinit         0x0080204b        0x0
                0x0080204b                PROVIDE (__noinit_start, .)
 *(.noinit*)
                0x0080204b                PROVIDE (__noinit_end, .)
                0x0080204b                _end = .
                0x0080204b                PROVIDE (__heap_start, .)

.eeprom         0x00810000        0x0
 *(.eeprom*)
                0x00810000                __eeprom_end = .

.fuse
 *(.fuse)
 *(.lfuse)
 *(.hfuse)
 *(.efuse)

.lock
 *(.lock*)

.signature
 *(.signature*)

.user_signatures
 *(.user_signatures*)

.stab           0x00000000      0x6cc
 *(.stab)
 .stab          0x00000000      0x6cc c:/program files (x86)/atmel/atmel toolchain/avr8 gcc/native/3.4.2.1002/avr8-gnu-toolchain/bin/../lib/gcc/avr/4.7.2/../../../../avr/lib/avrxmega4/crtx64d3.o

.stabstr        0x00000000       0x97
 *(.stabstr)
 .stabstr       0x00000000       0x97 c:/program files (x86)/atmel/atmel toolchain/avr8 gcc/native/3.4.2.1002/avr8-gnu-toolchain/bin/../lib/gcc/avr/4.7.2/../../../../avr/lib/avrxmega4/crtx64d3.o

.stab.excl
 *(.stab.excl)

.stab.exclstr
 *(.stab.exclstr)

.stab.index
 *(.stab.index)

.stab.indexstr
 *(.stab.indexstr)

.comment        0x00000000       0x2f
 *(.comment)
 .comment       0x00000000       0x2f BEEP_XMega.o
                                 0x30 (size before relaxing)
 .comment       0x00000000       0x30 lib/ir_driver.o
 .comment       0x00000000       0x30 lib/motor_driver.o
 .comment       0x00000000       0x30 lib/usart_driver.o
 .comment       0x00000000       0x30 lib/xmega_freq_cntr.o

.debug
 *(.debug)

.line
 *(.line)

.debug_srcinfo
 *(.debug_srcinfo)

.debug_sfnames
 *(.debug_sfnames)

.debug_aranges  0x00000000      0x1b0
 *(.debug_aranges)
 .debug_aranges
                0x00000000       0x68 BEEP_XMega.o
 .debug_aranges
                0x00000068       0x60 lib/ir_driver.o
 .debug_aranges
                0x000000c8       0x38 lib/motor_driver.o
 .debug_aranges
                0x00000100       0x68 lib/usart_driver.o
 .debug_aranges
                0x00000168       0x48 lib/xmega_freq_cntr.o

.debug_pubnames
 *(.debug_pubnames)

.debug_info     0x00000000     0x3df7
 *(.debug_info)
 .debug_info    0x00000000     0x1647 BEEP_XMega.o
 .debug_info    0x00001647      0xc3c lib/ir_driver.o
 .debug_info    0x00002283      0x98f lib/motor_driver.o
 .debug_info    0x00002c12      0x5ac lib/usart_driver.o
 .debug_info    0x000031be      0xc39 lib/xmega_freq_cntr.o
 *(.gnu.linkonce.wi.*)

.debug_abbrev   0x00000000      0xb30
 *(.debug_abbrev)
 .debug_abbrev  0x00000000      0x3b7 BEEP_XMega.o
 .debug_abbrev  0x000003b7      0x2ba lib/ir_driver.o
 .debug_abbrev  0x00000671      0x144 lib/motor_driver.o
 .debug_abbrev  0x000007b5      0x230 lib/usart_driver.o
 .debug_abbrev  0x000009e5      0x14b lib/xmega_freq_cntr.o

.debug_line     0x00000000      0xbc1
 *(.debug_line)
 .debug_line    0x00000000      0x341 BEEP_XMega.o
 .debug_line    0x00000341      0x282 lib/ir_driver.o
 .debug_line    0x000005c3      0x1c1 lib/motor_driver.o
 .debug_line    0x00000784      0x252 lib/usart_driver.o
 .debug_line    0x000009d6      0x1eb lib/xmega_freq_cntr.o

.debug_frame    0x00000000      0x474
 *(.debug_frame)
 .debug_frame   0x00000000      0x1f8 BEEP_XMega.o
 .debug_frame   0x000001f8       0xb8 lib/ir_driver.o
 .debug_frame   0x000002b0       0x54 lib/motor_driver.o
 .debug_frame   0x00000304       0xdc lib/usart_driver.o
 .debug_frame   0x000003e0       0x94 lib/xmega_freq_cntr.o

.debug_str      0x00000000     0x201a
 *(.debug_str)
 .debug_str     0x00000000      0xd0d BEEP_XMega.o
                                0xda6 (size before relaxing)
 .debug_str     0x00000d0d      0x5eb lib/ir_driver.o
                                0xa51 (size before relaxing)
 .debug_str     0x000012f8       0x16 lib/motor_driver.o
                                0x6df (size before relaxing)
 .debug_str     0x0000130e       0xe9 lib/usart_driver.o
                                0x3cc (size before relaxing)
 .debug_str     0x000013f7      0xc23 lib/xmega_freq_cntr.o
                               0x11d2 (size before relaxing)

.debug_loc      0x00000000     0x11be
 *(.debug_loc)
 .debug_loc     0x00000000      0xa4b BEEP_XMega.o
 .debug_loc     0x00000a4b      0x2d9 lib/ir_driver.o
 .debug_loc     0x00000d24       0x79 lib/motor_driver.o
 .debug_loc     0x00000d9d      0x3be lib/usart_driver.o
 .debug_loc     0x0000115b       0x63 lib/xmega_freq_cntr.o

.debug_macinfo
 *(.debug_macinfo)

.debug_pubtypes
 *(.debug_pubtypes)

.debug_ranges   0x00000000      0x1d8
 *(.debug_ranges)
 .debug_ranges  0x00000000       0xb8 BEEP_XMega.o
 .debug_ranges  0x000000b8       0x68 lib/ir_driver.o
 .debug_ranges  0x00000120       0x28 lib/motor_driver.o
 .debug_ranges  0x00000148       0x58 lib/usart_driver.o
 .debug_ranges  0x000001a0       0x38 lib/xmega_freq_cntr.o

.debug_macro
 *(.debug_macro)
OUTPUT(BEEP_XMega.elf elf32-avr)
LOAD linker stubs
